Component: ARM Compiler 5.06 update 6 (build 750) Tool: armlink [4d35ed]

==============================================================================

Section Cross References

    delay.o(i.delay_init) refers to stm32f0xx_misc.o(i.SysTick_CLKSourceConfig) for SysTick_CLKSourceConfig
    delay.o(i.delay_init) refers to aeabi_sdiv.o(.text) for __aeabi_uidivmod
    delay.o(i.delay_init) refers to system_stm32f0xx.o(.data) for SystemCoreClock
    delay.o(i.delay_init) refers to delay.o(.data) for .data
    delay.o(i.delay_ms) refers to delay.o(.data) for .data
    delay.o(i.delay_us) refers to delay.o(.data) for .data
    encode.o(i.encode) refers to stm32f0xx_gpio.o(i.GPIO_ReadInputDataBit) for GPIO_ReadInputDataBit
    encode.o(i.encode) refers to beep.o(i.beep_number) for beep_number
    encode.o(i.encode) refers to encode.o(i.encode_readio) for encode_readio
    encode.o(i.encode) refers to encode.o(.data) for .data
    encode.o(i.encode) refers to main.o(.data) for shedingwendu
    encode.o(i.encode_io_init) refers to stm32f0xx_rcc.o(i.RCC_AHBPeriphClockCmd) for RCC_AHBPeriphClockCmd
    encode.o(i.encode_io_init) refers to stm32f0xx_gpio.o(i.GPIO_Init) for GPIO_Init
    encode.o(i.encode_readio) refers to encode.o(i.encode_io_init) for encode_io_init
    encode.o(i.encode_readio) refers to stm32f0xx_gpio.o(i.GPIO_ReadInputDataBit) for GPIO_ReadInputDataBit
    encode.o(i.encode_readio) refers to encode.o(.data) for .data
    main.o(i.Control_out) refers to stm32f0xx_gpio.o(i.GPIO_SetBits) for GPIO_SetBits
    main.o(i.Control_out) refers to stm32f0xx_gpio.o(i.GPIO_ResetBits) for GPIO_ResetBits
    main.o(i.Control_out) refers to adc.o(i.get_adc) for get_adc
    main.o(i.Control_out) refers to main.o(i.PID) for PID
    main.o(i.Control_out) refers to main.o(.data) for .data
    main.o(i.PID) refers to fflti.o(.text) for __aeabi_i2f
    main.o(i.PID) refers to fmul.o(x$fpl$fmul) for __aeabi_fmul
    main.o(i.PID) refers to faddsub.o(x$fpl$fadd) for __aeabi_fadd
    main.o(i.PID) refers to ffixi.o(.text) for __aeabi_f2iz
    main.o(i.PID) refers to main.o(.data) for .data
    main.o(i.T12_CRL_io_init) refers to stm32f0xx_rcc.o(i.RCC_AHBPeriphClockCmd) for RCC_AHBPeriphClockCmd
    main.o(i.T12_CRL_io_init) refers to stm32f0xx_gpio.o(i.GPIO_Init) for GPIO_Init
    main.o(i.TIM16_IRQHandler) refers to stm32f0xx_tim.o(i.TIM_ClearITPendingBit) for TIM_ClearITPendingBit
    main.o(i.TIM16_IRQHandler) refers to encode.o(i.encode) for encode
    main.o(i.TIM3_IRQHandler) refers to stm32f0xx_tim.o(i.TIM_ClearITPendingBit) for TIM_ClearITPendingBit
    main.o(i.TIM3_IRQHandler) refers to main.o(i.Control_out) for Control_out
    main.o(i.lcd_show) refers to st7567.o(i.st7567_ShowString) for st7567_ShowString
    main.o(i.lcd_show) refers to st7567.o(i.st7567_ShowNum) for st7567_ShowNum
    main.o(i.lcd_show) refers to st7567.o(i.st7567_ShowChar) for st7567_ShowChar
    main.o(i.lcd_show) refers to aeabi_sdiv.o(.text) for __aeabi_uidivmod
    main.o(i.lcd_show) refers to st7567.o(i.OLED_DrawPointNum) for OLED_DrawPointNum
    main.o(i.lcd_show) refers to st7567.o(i.st7567_ShowChinese) for st7567_ShowChinese
    main.o(i.lcd_show) refers to st7567.o(i.st7567_Refresh_Gram) for st7567_Refresh_Gram
    main.o(i.lcd_show) refers to main.o(.data) for .data
    main.o(i.main) refers to delay.o(i.delay_init) for delay_init
    main.o(i.main) refers to encode.o(i.encode_io_init) for encode_io_init
    main.o(i.main) refers to main.o(i.T12_CRL_io_init) for T12_CRL_io_init
    main.o(i.main) refers to adc.o(i.ADC_GPIO_Init) for ADC_GPIO_Init
    main.o(i.main) refers to st7567.o(i.ST7567_Init) for ST7567_Init
    main.o(i.main) refers to tim.o(i.TIM3_Int_Init) for TIM3_Int_Init
    main.o(i.main) refers to tim.o(i.TIM16_Init) for TIM16_Init
    main.o(i.main) refers to beep.o(i.beep_number) for beep_number
    main.o(i.main) refers to main.o(i.IWDG_init) for IWDG_init
    main.o(i.main) refers to stm32f0xx_iwdg.o(i.IWDG_ReloadCounter) for IWDG_ReloadCounter
    main.o(i.main) refers to adc.o(i.ADC1_Init) for ADC1_Init
    main.o(i.main) refers to aeabi_sdiv.o(.text) for __aeabi_uidivmod
    main.o(i.main) refers to main.o(i.lcd_show) for lcd_show
    main.o(i.main) refers to main.o(.data) for .data
    tim.o(i.TIM16_Init) refers to stm32f0xx_rcc.o(i.RCC_APB2PeriphClockCmd) for RCC_APB2PeriphClockCmd
    tim.o(i.TIM16_Init) refers to stm32f0xx_tim.o(i.TIM_TimeBaseInit) for TIM_TimeBaseInit
    tim.o(i.TIM16_Init) refers to stm32f0xx_misc.o(i.NVIC_Init) for NVIC_Init
    tim.o(i.TIM16_Init) refers to stm32f0xx_tim.o(i.TIM_ARRPreloadConfig) for TIM_ARRPreloadConfig
    tim.o(i.TIM16_Init) refers to stm32f0xx_tim.o(i.TIM_ITConfig) for TIM_ITConfig
    tim.o(i.TIM16_Init) refers to stm32f0xx_tim.o(i.TIM_Cmd) for TIM_Cmd
    tim.o(i.TIM3_Int_Init) refers to stm32f0xx_rcc.o(i.RCC_APB1PeriphClockCmd) for RCC_APB1PeriphClockCmd
    tim.o(i.TIM3_Int_Init) refers to stm32f0xx_tim.o(i.TIM_TimeBaseInit) for TIM_TimeBaseInit
[...]
    Removing stm32f0xx_i2c.o(i.I2C_StructInit), (22 bytes).
    Removing stm32f0xx_i2c.o(i.I2C_TimeoutAConfig), (16 bytes).
    Removing stm32f0xx_i2c.o(i.I2C_TimeoutBConfig), (20 bytes).
    Removing stm32f0xx_i2c.o(i.I2C_TransferHandling), (32 bytes).
    Removing stm32f0xx_it.o(.rev16_text), (4 bytes).
    Removing stm32f0xx_it.o(.revsh_text), (4 bytes).
    Removing stm32f0xx_iwdg.o(.rev16_text), (4 bytes).
    Removing stm32f0xx_iwdg.o(.revsh_text), (4 bytes).
    Removing stm32f0xx_iwdg.o(i.IWDG_Enable), (16 bytes).
    Removing stm32f0xx_iwdg.o(i.IWDG_GetFlagStatus), (20 bytes).
    Removing stm32f0xx_iwdg.o(i.IWDG_SetPrescaler), (12 bytes).
    Removing stm32f0xx_iwdg.o(i.IWDG_SetReload), (12 bytes).
    Removing stm32f0xx_iwdg.o(i.IWDG_SetWindowValue), (12 bytes).
    Removing stm32f0xx_iwdg.o(i.IWDG_WriteAccessCmd), (12 bytes).
    Removing stm32f0xx_misc.o(.rev16_text), (4 bytes).
    Removing stm32f0xx_misc.o(.revsh_text), (4 bytes).
    Removing stm32f0xx_misc.o(i.NVIC_SystemLPConfig), (24 bytes).
    Removing stm32f0xx_pwr.o(.rev16_text), (4 bytes).
    Removing stm32f0xx_pwr.o(.revsh_text), (4 bytes).
    Removing stm32f0xx_pwr.o(i.PWR_BackupAccessCmd), (24 bytes).
    Removing stm32f0xx_pwr.o(i.PWR_ClearFlag), (16 bytes).
    Removing stm32f0xx_pwr.o(i.PWR_DeInit), (22 bytes).
    Removing stm32f0xx_pwr.o(i.PWR_EnterSTANDBYMode), (40 bytes).
    Removing stm32f0xx_pwr.o(i.PWR_EnterSTOPMode), (48 bytes).
    Removing stm32f0xx_pwr.o(i.PWR_EnterSleepMode), (28 bytes).
    Removing stm32f0xx_pwr.o(i.PWR_GetFlagStatus), (20 bytes).
    Removing stm32f0xx_pwr.o(i.PWR_PVDCmd), (24 bytes).
    Removing stm32f0xx_pwr.o(i.PWR_PVDLevelConfig), (20 bytes).
    Removing stm32f0xx_pwr.o(i.PWR_WakeUpPinCmd), (24 bytes).
    Removing stm32f0xx_rcc.o(.rev16_text), (4 bytes).
    Removing stm32f0xx_rcc.o(.revsh_text), (4 bytes).
    Removing stm32f0xx_rcc.o(i.RCC_AHBPeriphResetCmd), (24 bytes).
    Removing stm32f0xx_rcc.o(i.RCC_APB1PeriphResetCmd), (24 bytes).
    Removing stm32f0xx_rcc.o(i.RCC_AdjustHSI14CalibrationValue), (20 bytes).
    Removing stm32f0xx_rcc.o(i.RCC_AdjustHSICalibrationValue), (20 bytes).
    Removing stm32f0xx_rcc.o(i.RCC_BackupResetCmd), (28 bytes).
    Removing stm32f0xx_rcc.o(i.RCC_CECCLKConfig), (24 bytes).
    Removing stm32f0xx_rcc.o(i.RCC_ClearFlag), (20 bytes).
    Removing stm32f0xx_rcc.o(i.RCC_ClearITPendingBit), (12 bytes).
    Removing stm32f0xx_rcc.o(i.RCC_ClockSecuritySystemCmd), (28 bytes).
    Removing stm32f0xx_rcc.o(i.RCC_DeInit), (92 bytes).
    Removing stm32f0xx_rcc.o(i.RCC_GetClocksFreq), (232 bytes).
    Removing stm32f0xx_rcc.o(i.RCC_GetFlagStatus), (52 bytes).
    Removing stm32f0xx_rcc.o(i.RCC_GetITStatus), (20 bytes).
    Removing stm32f0xx_rcc.o(i.RCC_GetSYSCLKSource), (16 bytes).
    Removing stm32f0xx_rcc.o(i.RCC_HCLKConfig), (20 bytes).
    Removing stm32f0xx_rcc.o(i.RCC_HSEConfig), (16 bytes).
    Removing stm32f0xx_rcc.o(i.RCC_HSI14ADCRequestCmd), (24 bytes).
    Removing stm32f0xx_rcc.o(i.RCC_HSI14Cmd), (28 bytes).
    Removing stm32f0xx_rcc.o(i.RCC_HSICmd), (28 bytes).
    Removing stm32f0xx_rcc.o(i.RCC_I2CCLKConfig), (24 bytes).
    Removing stm32f0xx_rcc.o(i.RCC_ITConfig), (24 bytes).
    Removing stm32f0xx_rcc.o(i.RCC_LSEConfig), (32 bytes).
    Removing stm32f0xx_rcc.o(i.RCC_LSEDriveConfig), (24 bytes).
    Removing stm32f0xx_rcc.o(i.RCC_LSICmd), (28 bytes).
    Removing stm32f0xx_rcc.o(i.RCC_MCOConfig), (12 bytes).
    Removing stm32f0xx_rcc.o(i.RCC_PCLKConfig), (20 bytes).
    Removing stm32f0xx_rcc.o(i.RCC_PLLCmd), (28 bytes).
    Removing stm32f0xx_rcc.o(i.RCC_PLLConfig), (28 bytes).
    Removing stm32f0xx_rcc.o(i.RCC_PREDIV1Config), (20 bytes).
    Removing stm32f0xx_rcc.o(i.RCC_RTCCLKCmd), (28 bytes).
    Removing stm32f0xx_rcc.o(i.RCC_RTCCLKConfig), (16 bytes).
    Removing stm32f0xx_rcc.o(i.RCC_SYSCLKConfig), (20 bytes).
    Removing stm32f0xx_rcc.o(i.RCC_USARTCLKConfig), (24 bytes).
    Removing stm32f0xx_rcc.o(i.RCC_WaitForHSEStartUp), (44 bytes).
    Removing stm32f0xx_rcc.o(.data), (16 bytes).
    Removing stm32f0xx_rtc.o(.rev16_text), (4 bytes).
    Removing stm32f0xx_rtc.o(.revsh_text), (4 bytes).
    Removing stm32f0xx_rtc.o(i.RTC_AlarmCmd), (80 bytes).
    Removing stm32f0xx_rtc.o(i.RTC_AlarmStructInit), (20 bytes).
    Removing stm32f0xx_rtc.o(i.RTC_AlarmSubSecondConfig), (32 bytes).
    Removing stm32f0xx_rtc.o(i.RTC_Bcd2ToByte), (16 bytes).
    Removing stm32f0xx_rtc.o(i.RTC_BypassShadowCmd), (40 bytes).
    Removing stm32f0xx_rtc.o(i.RTC_ByteToBcd2), (24 bytes).
    Removing stm32f0xx_rtc.o(i.RTC_CalibOutputCmd), (40 bytes).
    Removing stm32f0xx_rtc.o(i.RTC_CalibOutputConfig), (36 bytes).
    Removing stm32f0xx_rtc.o(i.RTC_ClearFlag), (28 bytes).
    Removing stm32f0xx_rtc.o(i.RTC_ClearITPendingBit), (28 bytes).
    Removing stm32f0xx_rtc.o(i.RTC_DateStructInit), (14 bytes).
    Removing stm32f0xx_rtc.o(i.RTC_DayLightSavingConfig), (40 bytes).
    Removing stm32f0xx_rtc.o(i.RTC_DeInit), (84 bytes).
    Removing stm32f0xx_rtc.o(i.RTC_EnterInitMode), (60 bytes).
    Removing stm32f0xx_rtc.o(i.RTC_ExitInitMode), (16 bytes).
    Removing stm32f0xx_rtc.o(i.RTC_GetAlarm), (100 bytes).
    Removing stm32f0xx_rtc.o(i.RTC_GetAlarmSubSecond), (16 bytes).
    Removing stm32f0xx_rtc.o(i.RTC_GetDate), (76 bytes).
    Removing stm32f0xx_rtc.o(i.RTC_GetFlagStatus), (28 bytes).
    Removing stm32f0xx_rtc.o(i.RTC_GetITStatus), (60 bytes).
    Removing stm32f0xx_rtc.o(i.RTC_GetStoreOperation), (16 bytes).
    Removing stm32f0xx_rtc.o(i.RTC_GetSubSecond), (12 bytes).
    Removing stm32f0xx_rtc.o(i.RTC_GetTime), (80 bytes).
    Removing stm32f0xx_rtc.o(i.RTC_GetTimeStamp), (136 bytes).
    Removing stm32f0xx_rtc.o(i.RTC_GetTimeStampSubSecond), (12 bytes).
    Removing stm32f0xx_rtc.o(i.RTC_ITConfig), (60 bytes).
    Removing stm32f0xx_rtc.o(i.RTC_Init), (72 bytes).
    Removing stm32f0xx_rtc.o(i.RTC_OutputConfig), (40 bytes).
    Removing stm32f0xx_rtc.o(i.RTC_OutputTypeConfig), (24 bytes).
    Removing stm32f0xx_rtc.o(i.RTC_ReadBackupRegister), (20 bytes).
    Removing stm32f0xx_rtc.o(i.RTC_RefClockCmd), (60 bytes).
    Removing stm32f0xx_rtc.o(i.RTC_SetAlarm), (136 bytes).
    Removing stm32f0xx_rtc.o(i.RTC_SetDate), (148 bytes).
    Removing stm32f0xx_rtc.o(i.RTC_SetTime), (144 bytes).
    Removing stm32f0xx_rtc.o(i.RTC_SmoothCalibConfig), (64 bytes).
    Removing stm32f0xx_rtc.o(i.RTC_StructInit), (14 bytes).
    Removing stm32f0xx_rtc.o(i.RTC_SynchroShiftConfig), (76 bytes).
    Removing stm32f0xx_rtc.o(i.RTC_TamperCmd), (24 bytes).
    Removing stm32f0xx_rtc.o(i.RTC_TamperFilterConfig), (24 bytes).
    Removing stm32f0xx_rtc.o(i.RTC_TamperPinsPrechargeDuration), (24 bytes).
    Removing stm32f0xx_rtc.o(i.RTC_TamperPullUpCmd), (24 bytes).
    Removing stm32f0xx_rtc.o(i.RTC_TamperSamplingFreqConfig), (24 bytes).
    Removing stm32f0xx_rtc.o(i.RTC_TamperTriggerConfig), (24 bytes).
    Removing stm32f0xx_rtc.o(i.RTC_TimeStampCmd), (44 bytes).
    Removing stm32f0xx_rtc.o(i.RTC_TimeStampOnTamperDetectionCmd), (24 bytes).
    Removing stm32f0xx_rtc.o(i.RTC_TimeStructInit), (12 bytes).
    Removing stm32f0xx_rtc.o(i.RTC_WaitForSynchro), (80 bytes).
    Removing stm32f0xx_rtc.o(i.RTC_WriteBackupRegister), (20 bytes).
    Removing stm32f0xx_rtc.o(i.RTC_WriteProtectionCmd), (24 bytes).
    Removing stm32f0xx_spi.o(.rev16_text), (4 bytes).
    Removing stm32f0xx_spi.o(.revsh_text), (4 bytes).
    Removing stm32f0xx_spi.o(i.I2S_Cmd), (28 bytes).
    Removing stm32f0xx_spi.o(i.I2S_Init), (156 bytes).
    Removing stm32f0xx_spi.o(i.I2S_StructInit), (18 bytes).
    Removing stm32f0xx_spi.o(i.SPI_BiDirectionalLineConfig), (28 bytes).
    Removing stm32f0xx_spi.o(i.SPI_CRCLengthConfig), (20 bytes).
    Removing stm32f0xx_spi.o(i.SPI_CalculateCRC), (28 bytes).
    Removing stm32f0xx_spi.o(i.SPI_Cmd), (18 bytes).
    Removing stm32f0xx_spi.o(i.SPI_DataSizeConfig), (16 bytes).
    Removing stm32f0xx_spi.o(i.SPI_GetCRC), (12 bytes).
    Removing stm32f0xx_spi.o(i.SPI_GetCRCPolynomial), (4 bytes).
    Removing stm32f0xx_spi.o(i.SPI_GetReceptionFIFOStatus), (10 bytes).
    Removing stm32f0xx_spi.o(i.SPI_GetTransmissionFIFOStatus), (10 bytes).
    Removing stm32f0xx_spi.o(i.SPI_I2S_ClearFlag), (6 bytes).
    Removing stm32f0xx_spi.o(i.SPI_I2S_DMACmd), (16 bytes).
    Removing stm32f0xx_spi.o(i.SPI_I2S_DeInit), (64 bytes).
    Removing stm32f0xx_spi.o(i.SPI_I2S_GetFlagStatus), (14 bytes).
    Removing stm32f0xx_spi.o(i.SPI_I2S_GetITStatus), (42 bytes).
    Removing stm32f0xx_spi.o(i.SPI_I2S_ITConfig), (24 bytes).
    Removing stm32f0xx_spi.o(i.SPI_I2S_ReceiveData16), (4 bytes).
    Removing stm32f0xx_spi.o(i.SPI_I2S_SendData16), (4 bytes).
    Removing stm32f0xx_spi.o(i.SPI_Init), (84 bytes).
    Removing stm32f0xx_spi.o(i.SPI_LastDMATransferCmd), (20 bytes).
    Removing stm32f0xx_spi.o(i.SPI_NSSInternalSoftwareConfig), (28 bytes).
    Removing stm32f0xx_spi.o(i.SPI_NSSPulseModeCmd), (18 bytes).
    Removing stm32f0xx_spi.o(i.SPI_ReceiveData8), (4 bytes).
    Removing stm32f0xx_spi.o(i.SPI_RxFIFOThresholdConfig), (20 bytes).
    Removing stm32f0xx_spi.o(i.SPI_SSOutputCmd), (18 bytes).
    Removing stm32f0xx_spi.o(i.SPI_SendData8), (4 bytes).
    Removing stm32f0xx_spi.o(i.SPI_StructInit), (28 bytes).
    Removing stm32f0xx_spi.o(i.SPI_TIModeCmd), (18 bytes).
    Removing stm32f0xx_spi.o(i.SPI_TransmitCRC), (12 bytes).
    Removing stm32f0xx_syscfg.o(.rev16_text), (4 bytes).
    Removing stm32f0xx_syscfg.o(.revsh_text), (4 bytes).
    Removing stm32f0xx_syscfg.o(i.SYSCFG_BreakConfig), (16 bytes).
    Removing stm32f0xx_syscfg.o(i.SYSCFG_ClearFlag), (16 bytes).
    Removing stm32f0xx_syscfg.o(i.SYSCFG_DMAChannelRemapConfig), (24 bytes).
    Removing stm32f0xx_syscfg.o(i.SYSCFG_DeInit), (36 bytes).
    Removing stm32f0xx_syscfg.o(i.SYSCFG_EXTILineConfig), (40 bytes).
    Removing stm32f0xx_syscfg.o(i.SYSCFG_GetFlagStatus), (20 bytes).
    Removing stm32f0xx_syscfg.o(i.SYSCFG_I2CFastModePlusConfig), (24 bytes).
    Removing stm32f0xx_syscfg.o(i.SYSCFG_MemoryRemapConfig), (20 bytes).
    Removing stm32f0xx_tim.o(.rev16_text), (4 bytes).
    Removing stm32f0xx_tim.o(.revsh_text), (4 bytes).
    Removing stm32f0xx_tim.o(i.TI1_Config), (40 bytes).
    Removing stm32f0xx_tim.o(i.TI2_Config), (48 bytes).
    Removing stm32f0xx_tim.o(i.TIM_BDTRConfig), (34 bytes).
    Removing stm32f0xx_tim.o(i.TIM_BDTRStructInit), (18 bytes).
    Removing stm32f0xx_tim.o(i.TIM_CCPreloadControl), (20 bytes).
    Removing stm32f0xx_tim.o(i.TIM_CCxCmd), (22 bytes).
    Removing stm32f0xx_tim.o(i.TIM_CCxNCmd), (22 bytes).
    Removing stm32f0xx_tim.o(i.TIM_ClearFlag), (6 bytes).
    Removing stm32f0xx_tim.o(i.TIM_ClearOC1Ref), (12 bytes).
    Removing stm32f0xx_tim.o(i.TIM_ClearOC2Ref), (14 bytes).
    Removing stm32f0xx_tim.o(i.TIM_ClearOC3Ref), (12 bytes).
    Removing stm32f0xx_tim.o(i.TIM_ClearOC4Ref), (14 bytes).
    Removing stm32f0xx_tim.o(i.TIM_CounterModeConfig), (12 bytes).
    Removing stm32f0xx_tim.o(i.TIM_CtrlPWMOutputs), (24 bytes).
    Removing stm32f0xx_tim.o(i.TIM_DMACmd), (16 bytes).
    Removing stm32f0xx_tim.o(i.TIM_DMAConfig), (8 bytes).
    Removing stm32f0xx_tim.o(i.TIM_DeInit), (180 bytes).
    Removing stm32f0xx_tim.o(i.TIM_ETRClockMode1Config), (28 bytes).
    Removing stm32f0xx_tim.o(i.TIM_ETRClockMode2Config), (20 bytes).
    Removing stm32f0xx_tim.o(i.TIM_ETRConfig), (18 bytes).
    Removing stm32f0xx_tim.o(i.TIM_EncoderInterfaceConfig), (48 bytes).
    Removing stm32f0xx_tim.o(i.TIM_ForcedOC1Config), (12 bytes).
    Removing stm32f0xx_tim.o(i.TIM_ForcedOC2Config), (20 bytes).
    Removing stm32f0xx_tim.o(i.TIM_ForcedOC3Config), (12 bytes).
    Removing stm32f0xx_tim.o(i.TIM_ForcedOC4Config), (20 bytes).
    Removing stm32f0xx_tim.o(i.TIM_GenerateEvent), (4 bytes).
    Removing stm32f0xx_tim.o(i.TIM_GetCapture1), (4 bytes).
    Removing stm32f0xx_tim.o(i.TIM_GetCapture2), (4 bytes).
    Removing stm32f0xx_tim.o(i.TIM_GetCapture3), (4 bytes).
    Removing stm32f0xx_tim.o(i.TIM_GetCapture4), (4 bytes).
    Removing stm32f0xx_tim.o(i.TIM_GetCounter), (4 bytes).
    Removing stm32f0xx_tim.o(i.TIM_GetFlagStatus), (14 bytes).
    Removing stm32f0xx_tim.o(i.TIM_GetITStatus), (24 bytes).
    Removing stm32f0xx_tim.o(i.TIM_GetPrescaler), (4 bytes).
    Removing stm32f0xx_tim.o(i.TIM_ICInit), (184 bytes).
    Removing stm32f0xx_tim.o(i.TIM_ICStructInit), (16 bytes).
    Removing stm32f0xx_tim.o(i.TIM_ITRxExternalClockConfig), (18 bytes).
    Removing stm32f0xx_tim.o(i.TIM_InternalClockConfig), (10 bytes).
    Removing stm32f0xx_tim.o(i.TIM_OC1FastConfig), (12 bytes).
    Removing stm32f0xx_tim.o(i.TIM_OC1Init), (124 bytes).
    Removing stm32f0xx_tim.o(i.TIM_OC1NPolarityConfig), (12 bytes).
    Removing stm32f0xx_tim.o(i.TIM_OC1PolarityConfig), (12 bytes).
    Removing stm32f0xx_tim.o(i.TIM_OC1PreloadConfig), (12 bytes).
    Removing stm32f0xx_tim.o(i.TIM_OC2FastConfig), (20 bytes).
    Removing stm32f0xx_tim.o(i.TIM_OC2Init), (144 bytes).
    Removing stm32f0xx_tim.o(i.TIM_OC2NPolarityConfig), (14 bytes).
    Removing stm32f0xx_tim.o(i.TIM_OC2PolarityConfig), (14 bytes).
    Removing stm32f0xx_tim.o(i.TIM_OC2PreloadConfig), (20 bytes).
    Removing stm32f0xx_tim.o(i.TIM_OC3FastConfig), (12 bytes).
    Removing stm32f0xx_tim.o(i.TIM_OC3Init), (136 bytes).
    Removing stm32f0xx_tim.o(i.TIM_OC3NPolarityConfig), (20 bytes).
    Removing stm32f0xx_tim.o(i.TIM_OC3PolarityConfig), (20 bytes).
    Removing stm32f0xx_tim.o(i.TIM_OC3PreloadConfig), (12 bytes).
    Removing stm32f0xx_tim.o(i.TIM_OC4FastConfig), (20 bytes).
    Removing stm32f0xx_tim.o(i.TIM_OC4Init), (100 bytes).
    Removing stm32f0xx_tim.o(i.TIM_OC4PolarityConfig), (20 bytes).
    Removing stm32f0xx_tim.o(i.TIM_OC4PreloadConfig), (20 bytes).
    Removing stm32f0xx_tim.o(i.TIM_OCStructInit), (20 bytes).
    Removing stm32f0xx_tim.o(i.TIM_PWMIConfig), (104 bytes).
    Removing stm32f0xx_tim.o(i.TIM_PrescalerConfig), (6 bytes).
    Removing stm32f0xx_tim.o(i.TIM_RemapConfig), (6 bytes).
    Removing stm32f0xx_tim.o(i.TIM_SelectCCDMA), (18 bytes).
    Removing stm32f0xx_tim.o(i.TIM_SelectCOM), (18 bytes).
    Removing stm32f0xx_tim.o(i.TIM_SelectHallSensor), (18 bytes).
    Removing stm32f0xx_tim.o(i.TIM_SelectInputTrigger), (12 bytes).
    Removing stm32f0xx_tim.o(i.TIM_SelectMasterSlaveMode), (16 bytes).
    Removing stm32f0xx_tim.o(i.TIM_SelectOCREFClear), (16 bytes).
    Removing stm32f0xx_tim.o(i.TIM_SelectOCxM), (70 bytes).
    Removing stm32f0xx_tim.o(i.TIM_SelectOnePulseMode), (16 bytes).
    Removing stm32f0xx_tim.o(i.TIM_SelectOutputTrigger), (16 bytes).
    Removing stm32f0xx_tim.o(i.TIM_SelectSlaveMode), (16 bytes).
    Removing stm32f0xx_tim.o(i.TIM_SetAutoreload), (4 bytes).
    Removing stm32f0xx_tim.o(i.TIM_SetClockDivision), (20 bytes).
    Removing stm32f0xx_tim.o(i.TIM_SetCompare1), (4 bytes).
    Removing stm32f0xx_tim.o(i.TIM_SetCompare2), (4 bytes).
    Removing stm32f0xx_tim.o(i.TIM_SetCompare3), (4 bytes).
    Removing stm32f0xx_tim.o(i.TIM_SetCompare4), (4 bytes).
    Removing stm32f0xx_tim.o(i.TIM_SetCounter), (4 bytes).
    Removing stm32f0xx_tim.o(i.TIM_SetIC1Prescaler), (16 bytes).
    Removing stm32f0xx_tim.o(i.TIM_SetIC2Prescaler), (24 bytes).
    Removing stm32f0xx_tim.o(i.TIM_SetIC3Prescaler), (16 bytes).
    Removing stm32f0xx_tim.o(i.TIM_SetIC4Prescaler), (24 bytes).
    Removing stm32f0xx_tim.o(i.TIM_TIxExternalClockConfig), (48 bytes).
    Removing stm32f0xx_tim.o(i.TIM_TimeBaseStructInit), (18 bytes).
    Removing stm32f0xx_tim.o(i.TIM_UpdateDisableConfig), (18 bytes).
    Removing stm32f0xx_tim.o(i.TIM_UpdateRequestConfig), (18 bytes).
    Removing stm32f0xx_usart.o(.rev16_text), (4 bytes).
    Removing stm32f0xx_usart.o(.revsh_text), (4 bytes).
    Removing stm32f0xx_usart.o(i.USART_AddressDetectionConfig), (16 bytes).
    Removing stm32f0xx_usart.o(i.USART_AutoBaudRateCmd), (20 bytes).
    Removing stm32f0xx_usart.o(i.USART_AutoBaudRateConfig), (18 bytes).
    Removing stm32f0xx_usart.o(i.USART_ClearFlag), (4 bytes).
    Removing stm32f0xx_usart.o(i.USART_ClearITPendingBit), (10 bytes).
    Removing stm32f0xx_usart.o(i.USART_ClockInit), (28 bytes).
    Removing stm32f0xx_usart.o(i.USART_ClockStructInit), (12 bytes).
    Removing stm32f0xx_usart.o(i.USART_Cmd), (20 bytes).
    Removing stm32f0xx_usart.o(i.USART_DECmd), (20 bytes).
    Removing stm32f0xx_usart.o(i.USART_DEPolarityConfig), (18 bytes).
    Removing stm32f0xx_usart.o(i.USART_DMACmd), (16 bytes).
    Removing stm32f0xx_usart.o(i.USART_DMAReceptionErrorConfig), (18 bytes).
    Removing stm32f0xx_usart.o(i.USART_DataInvCmd), (20 bytes).
    Removing stm32f0xx_usart.o(i.USART_DeInit), (64 bytes).
    Removing stm32f0xx_usart.o(i.USART_DirectionModeCmd), (16 bytes).
    Removing stm32f0xx_usart.o(i.USART_GetFlagStatus), (14 bytes).
    Removing stm32f0xx_usart.o(i.USART_GetITStatus), (56 bytes).
    Removing stm32f0xx_usart.o(i.USART_HalfDuplexCmd), (18 bytes).
    Removing stm32f0xx_usart.o(i.USART_ITConfig), (42 bytes).
    Removing stm32f0xx_usart.o(i.USART_Init), (140 bytes).
    Removing stm32f0xx_usart.o(i.USART_InvPinCmd), (16 bytes).
    Removing stm32f0xx_usart.o(i.USART_IrDACmd), (18 bytes).
    Removing stm32f0xx_usart.o(i.USART_IrDAConfig), (16 bytes).
    Removing stm32f0xx_usart.o(i.USART_LINBreakDetectLengthConfig), (16 bytes).
    Removing stm32f0xx_usart.o(i.USART_LINCmd), (20 bytes).
    Removing stm32f0xx_usart.o(i.USART_MSBFirstCmd), (20 bytes).
    Removing stm32f0xx_usart.o(i.USART_MuteModeCmd), (20 bytes).
    Removing stm32f0xx_usart.o(i.USART_MuteModeWakeUpConfig), (18 bytes).
    Removing stm32f0xx_usart.o(i.USART_OneBitMethodCmd), (20 bytes).
    Removing stm32f0xx_usart.o(i.USART_OverSampling8Cmd), (20 bytes).
    Removing stm32f0xx_usart.o(i.USART_OverrunDetectionConfig), (18 bytes).
    Removing stm32f0xx_usart.o(i.USART_ReceiveData), (8 bytes).
    Removing stm32f0xx_usart.o(i.USART_ReceiverTimeOutCmd), (20 bytes).
    Removing stm32f0xx_usart.o(i.USART_RequestCmd), (16 bytes).
    Removing stm32f0xx_usart.o(i.USART_STOPModeCmd), (18 bytes).
    Removing stm32f0xx_usart.o(i.USART_SWAPPinCmd), (20 bytes).
    Removing stm32f0xx_usart.o(i.USART_SendData), (8 bytes).
    Removing stm32f0xx_usart.o(i.USART_SetAddress), (18 bytes).
    Removing stm32f0xx_usart.o(i.USART_SetAutoRetryCount), (20 bytes).
    Removing stm32f0xx_usart.o(i.USART_SetBlockLength), (18 bytes).
    Removing stm32f0xx_usart.o(i.USART_SetDEAssertionTime), (20 bytes).
    Removing stm32f0xx_usart.o(i.USART_SetDEDeassertionTime), (20 bytes).
    Removing stm32f0xx_usart.o(i.USART_SetGuardTime), (16 bytes).
    Removing stm32f0xx_usart.o(i.USART_SetPrescaler), (16 bytes).
    Removing stm32f0xx_usart.o(i.USART_SetReceiverTimeOut), (16 bytes).
    Removing stm32f0xx_usart.o(i.USART_SmartCardCmd), (18 bytes).
    Removing stm32f0xx_usart.o(i.USART_SmartCardNACKCmd), (18 bytes).
    Removing stm32f0xx_usart.o(i.USART_StopModeWakeUpSourceConfig), (18 bytes).
    Removing stm32f0xx_usart.o(i.USART_StructInit), (22 bytes).
    Removing stm32f0xx_wwdg.o(.rev16_text), (4 bytes).
    Removing stm32f0xx_wwdg.o(.revsh_text), (4 bytes).
    Removing stm32f0xx_wwdg.o(i.WWDG_ClearFlag), (12 bytes).
    Removing stm32f0xx_wwdg.o(i.WWDG_DeInit), (22 bytes).
    Removing stm32f0xx_wwdg.o(i.WWDG_Enable), (16 bytes).
    Removing stm32f0xx_wwdg.o(i.WWDG_EnableIT), (16 bytes).
    Removing stm32f0xx_wwdg.o(i.WWDG_GetFlagStatus), (20 bytes).
    Removing stm32f0xx_wwdg.o(i.WWDG_SetCounter), (16 bytes).
    Removing stm32f0xx_wwdg.o(i.WWDG_SetPrescaler), (20 bytes).
    Removing stm32f0xx_wwdg.o(i.WWDG_SetWindowValue), (28 bytes).
    Removing system_stm32f0xx.o(.rev16_text), (4 bytes).
    Removing system_stm32f0xx.o(.revsh_text), (4 bytes).
    Removing system_stm32f0xx.o(i.SystemCoreClockUpdate), (108 bytes).

519 unused section(s) (total 13081 bytes) removed from the image.

==============================================================================

Image Symbol Table

    Local Symbols

    Symbol Name                              Value     Ov Type        Size  Object(Section)

    ../clib/angel/boardlib.s                 0x00000000   Number         0  boardinit1.o ABSOLUTE
    ../clib/angel/boardlib.s                 0x00000000   Number         0  boardinit2.o ABSOLUTE
    ../clib/angel/boardlib.s                 0x00000000   Number         0  boardinit3.o ABSOLUTE
    ../clib/angel/boardlib.s                 0x00000000   Number         0  boardshut.o ABSOLUTE
    ../clib/angel/handlers.s                 0x00000000   Number         0  __scatter_zi.o ABSOLUTE
    ../clib/angel/handlers.s                 0x00000000   Number         0  __scatter_copy.o ABSOLUTE
    ../clib/angel/kernel.s                   0x00000000   Number         0  __rtentry4.o ABSOLUTE
    ../clib/angel/kernel.s                   0x00000000   Number         0  rtexit2.o ABSOLUTE
    ../clib/angel/kernel.s                   0x00000000   Number         0  rtexit.o ABSOLUTE
    ../clib/angel/kernel.s                   0x00000000   Number         0  __rtentry.o ABSOLUTE
    ../clib/angel/kernel.s                   0x00000000   Number         0  __rtentry2.o ABSOLUTE
    ../clib/angel/rt.s                       0x00000000   Number         0  rt_div0.o ABSOLUTE
    ../clib/angel/rt.s                       0x00000000   Number         0  rt_raise.o ABSOLUTE
    ../clib/angel/rt.s                       0x00000000   Number         0  aeabi_idiv0.o ABSOLUTE
    ../clib/angel/rt.s                       0x00000000   Number         0  aeabi_idiv0_sigfpe.o ABSOLUTE
    ../clib/angel/scatterp.s                 0x00000000   Number         0  __scatter.o ABSOLUTE
    ../clib/angel/startup.s                  0x00000000   Number         0  __main.o ABSOLUTE
    ../clib/angel/sys.s                      0x00000000   Number         0  sys_stackheap_outer.o ABSOLUTE
    ../clib/angel/sys.s                      0x00000000   Number         0  tempstk.o ABSOLUTE
    ../clib/angel/sys.s                      0x00000000   Number         0  indicate_semi.o ABSOLUTE
    ../clib/angel/sys.s                      0x00000000   Number         0  use_no_semi.o ABSOLUTE
    ../clib/angel/sys.s                      0x00000000   Number         0  libspace.o ABSOLUTE
    ../clib/angel/sysapp.c                   0x00000000   Number         0  sys_exit.o ABSOLUTE
    ../clib/angel/sysapp.c                   0x00000000   Number         0  sys_command.o ABSOLUTE
    ../clib/angel/sysapp.c                   0x00000000   Number         0  sys_wrch.o ABSOLUTE
    ../clib/armsys.c                         0x00000000   Number         0  no_argv.o ABSOLUTE
    ../clib/armsys.c                         0x00000000   Number         0  _get_argv_nomalloc.o ABSOLUTE
    ../clib/armsys.c                         0x00000000   Number         0  argv_veneer.o ABSOLUTE
    ../clib/division.s                       0x00000000   Number         0  aeabi_sdiv_div0.o ABSOLUTE
    ../clib/division.s                       0x00000000   Number         0  aeabi_sdiv.o ABSOLUTE
    ../clib/heapalloc.c                      0x00000000   Number         0  hrguard.o ABSOLUTE
    ../clib/heapaux.c                        0x00000000   Number         0  heapauxi.o ABSOLUTE
    ../clib/libinit.s                        0x00000000   Number         0  libshutdown2.o ABSOLUTE
    ../clib/libinit.s                        0x00000000   Number         0  libinit2.o ABSOLUTE
    ../clib/libinit.s                        0x00000000   Number         0  libshutdown.o ABSOLUTE
    ../clib/libinit.s                        0x00000000   Number         0  libinit.o ABSOLUTE
    ../clib/signal.c                         0x00000000   Number         0  __raise.o ABSOLUTE
    ../clib/signal.c                         0x00000000   Number         0  defsig_fpe_outer.o ABSOLUTE
    ../clib/signal.c                         0x00000000   Number         0  defsig_fpe_formal.o ABSOLUTE
    ../clib/signal.c                         0x00000000   Number         0  defsig_rtmem_outer.o ABSOLUTE
    ../clib/signal.c                         0x00000000   Number         0  defsig_rtmem_inner.o ABSOLUTE
    ../clib/signal.c                         0x00000000   Number         0  defsig_exit.o ABSOLUTE
    ../clib/signal.c                         0x00000000   Number         0  defsig_rtmem_formal.o ABSOLUTE
    ../clib/signal.c                         0x00000000   Number         0  defsig_rtred_inner.o ABSOLUTE
    ../clib/signal.c                         0x00000000   Number         0  defsig_fpe_inner.o ABSOLUTE
    ../clib/signal.c                         0x00000000   Number         0  defsig_abrt_inner.o ABSOLUTE
    ../clib/signal.c                         0x00000000   Number         0  defsig_other.o ABSOLUTE
    ../clib/signal.c                         0x00000000   Number         0  defsig_segv_inner.o ABSOLUTE
    ../clib/signal.c                         0x00000000   Number         0  defsig_cppl_inner.o ABSOLUTE
    ../clib/signal.c                         0x00000000   Number         0  defsig_pvfn_inner.o ABSOLUTE
    ../clib/signal.c                         0x00000000   Number         0  defsig_general.o ABSOLUTE
    ../clib/signal.c                         0x00000000   Number         0  defsig_stak_inner.o ABSOLUTE
    ../clib/signal.s                         0x00000000   Number         0  defsig.o ABSOLUTE
    ../clib/stdlib.c                         0x00000000   Number         0  exit.o ABSOLUTE
    ../fplib/cfplib/ffix.c                   0x00000000   Number         0  ffixui.o ABSOLUTE
    ../fplib/cfplib/ffix.c                   0x00000000   Number         0  ffixi.o ABSOLUTE
    ../fplib/cfplib/fflt.c                   0x00000000   Number         0  fflti.o ABSOLUTE
    ../fplib/cfplib/fpinit.c                 0x00000000   Number         0  fpinit.o ABSOLUTE
    ../fplib/faddsub6m.s                     0x00000000   Number         0  faddsub.o ABSOLUTE
    ../fplib/fmul6m.s                        0x00000000   Number         0  fmul.o ABSOLUTE
    ../fplib/usenofp.s                       0x00000000   Number         0  usenofp.o ABSOLUTE
    dc.s                                     0x00000000   Number         0  dc.o ABSOLUTE
    lib\\stm32f0xx_adc.c                     0x00000000   Number         0  stm32f0xx_adc.o ABSOLUTE
    lib\\stm32f0xx_cec.c                     0x00000000   Number         0  stm32f0xx_cec.o ABSOLUTE
    lib\\stm32f0xx_comp.c                    0x00000000   Number         0  stm32f0xx_comp.o ABSOLUTE
    lib\\stm32f0xx_crc.c                     0x00000000   Number         0  stm32f0xx_crc.o ABSOLUTE
    lib\\stm32f0xx_dac.c                     0x00000000   Number         0  stm32f0xx_dac.o ABSOLUTE
    lib\\stm32f0xx_dbgmcu.c                  0x00000000   Number         0  stm32f0xx_dbgmcu.o ABSOLUTE
    lib\\stm32f0xx_dma.c                     0x00000000   Number         0  stm32f0xx_dma.o ABSOLUTE
    lib\\stm32f0xx_exti.c                    0x00000000   Number         0  stm32f0xx_exti.o ABSOLUTE
    lib\\stm32f0xx_flash.c                   0x00000000   Number         0  stm32f0xx_flash.o ABSOLUTE
    lib\\stm32f0xx_gpio.c                    0x00000000   Number         0  stm32f0xx_gpio.o ABSOLUTE
    lib\\stm32f0xx_i2c.c                     0x00000000   Number         0  stm32f0xx_i2c.o ABSOLUTE
    lib\\stm32f0xx_it.c                      0x00000000   Number         0  stm32f0xx_it.o ABSOLUTE
    lib\\stm32f0xx_iwdg.c                    0x00000000   Number         0  stm32f0xx_iwdg.o ABSOLUTE
    lib\\stm32f0xx_misc.c                    0x00000000   Number         0  stm32f0xx_misc.o ABSOLUTE
    lib\\stm32f0xx_pwr.c                     0x00000000   Number         0  stm32f0xx_pwr.o ABSOLUTE
    lib\\stm32f0xx_rcc.c                     0x00000000   Number         0  stm32f0xx_rcc.o ABSOLUTE
    lib\\stm32f0xx_rtc.c                     0x00000000   Number         0  stm32f0xx_rtc.o ABSOLUTE
    lib\\stm32f0xx_spi.c                     0x00000000   Number         0  stm32f0xx_spi.o ABSOLUTE
    lib\\stm32f0xx_syscfg.c                  0x00000000   Number         0  stm32f0xx_syscfg.o ABSOLUTE
    lib\\stm32f0xx_tim.c                     0x00000000   Number         0  stm32f0xx_tim.o ABSOLUTE
    lib\\stm32f0xx_usart.c                   0x00000000   Number         0  stm32f0xx_usart.o ABSOLUTE
    lib\\stm32f0xx_wwdg.c                    0x00000000   Number         0  stm32f0xx_wwdg.o ABSOLUTE
    lib\\system_stm32f0xx.c                  0x00000000   Number         0  system_stm32f0xx.o ABSOLUTE
    lib\stm32f0xx_adc.c                      0x00000000   Number         0  stm32f0xx_adc.o ABSOLUTE
    lib\stm32f0xx_cec.c                      0x00000000   Number         0  stm32f0xx_cec.o ABSOLUTE
    lib\stm32f0xx_comp.c                     0x00000000   Number         0  stm32f0xx_comp.o ABSOLUTE
    lib\stm32f0xx_crc.c                      0x00000000   Number         0  stm32f0xx_crc.o ABSOLUTE
    lib\stm32f0xx_dac.c                      0x00000000   Number         0  stm32f0xx_dac.o ABSOLUTE
    lib\stm32f0xx_dbgmcu.c                   0x00000000   Number         0  stm32f0xx_dbgmcu.o ABSOLUTE
    lib\stm32f0xx_dma.c                      0x00000000   Number         0  stm32f0xx_dma.o ABSOLUTE
    lib\stm32f0xx_exti.c                     0x00000000   Number         0  stm32f0xx_exti.o ABSOLUTE
    lib\stm32f0xx_flash.c                    0x00000000   Number         0  stm32f0xx_flash.o ABSOLUTE
    lib\stm32f0xx_gpio.c                     0x00000000   Number         0  stm32f0xx_gpio.o ABSOLUTE
    lib\stm32f0xx_i2c.c                      0x00000000   Number         0  stm32f0xx_i2c.o ABSOLUTE
    lib\stm32f0xx_it.c                       0x00000000   Number         0  stm32f0xx_it.o ABSOLUTE
    lib\stm32f0xx_iwdg.c                     0x00000000   Number         0  stm32f0xx_iwdg.o ABSOLUTE
    lib\stm32f0xx_misc.c                     0x00000000   Number         0  stm32f0xx_misc.o ABSOLUTE
    lib\stm32f0xx_pwr.c                      0x00000000   Number         0  stm32f0xx_pwr.o ABSOLUTE
    lib\stm32f0xx_rcc.c                      0x00000000   Number         0  stm32f0xx_rcc.o ABSOLUTE
    lib\stm32f0xx_rtc.c                      0x00000000   Number         0  stm32f0xx_rtc.o ABSOLUTE
    lib\stm32f0xx_spi.c                      0x00000000   Number         0  stm32f0xx_spi.o ABSOLUTE
    lib\stm32f0xx_syscfg.c                   0x00000000   Number         0  stm32f0xx_syscfg.o ABSOLUTE
    lib\stm32f0xx_tim.c                      0x00000000   Number         0  stm32f0xx_tim.o ABSOLUTE
    lib\stm32f0xx_usart.c                    0x00000000   Number         0  stm32f0xx_usart.o ABSOLUTE
    lib\stm32f0xx_wwdg.c                     0x00000000   Number         0  stm32f0xx_wwdg.o ABSOLUTE
    lib\system_stm32f0xx.c                   0x00000000   Number         0  system_stm32f0xx.o ABSOLUTE
    start\startup_stm32f0xx_ld.s             0x00000000   Number         0  startup_stm32f0xx_ld.o ABSOLUTE
    user\Encode.c                            0x00000000   Number         0  encode.o ABSOLUTE
    user\\Encode.c                           0x00000000   Number         0  encode.o ABSOLUTE
    user\\adc.c                              0x00000000   Number         0  adc.o ABSOLUTE
    user\\beep.c                             0x00000000   Number         0  beep.o ABSOLUTE
    user\\delay.c                            0x00000000   Number         0  delay.o ABSOLUTE
    user\\main.c                             0x00000000   Number         0  main.o ABSOLUTE
    user\\st7567.c                           0x00000000   Number         0  st7567.o ABSOLUTE
    user\\tim.c                              0x00000000   Number         0  tim.o ABSOLUTE
    user\adc.c                               0x00000000   Number         0  adc.o ABSOLUTE
    user\beep.c                              0x00000000   Number         0  beep.o ABSOLUTE
    user\delay.c                             0x00000000   Number         0  delay.o ABSOLUTE
    user\main.c                              0x00000000   Number         0  main.o ABSOLUTE
    user\st7567.c                            0x00000000   Number         0  st7567.o ABSOLUTE
    user\tim.c                               0x00000000   Number         0  tim.o ABSOLUTE
    RESET                                    0x08000000   Section      176  startup_stm32f0xx_ld.o(RESET)
    !!!main                                  0x080000b0   Section        8  __main.o(!!!main)
    !!!scatter                               0x080000b8   Section       60  __scatter.o(!!!scatter)
    !!handler_copy                           0x080000f4   Section       26  __scatter_copy.o(!!handler_copy)
    !!handler_zi                             0x08000110   Section       28  __scatter_zi.o(!!handler_zi)
    .ARM.Collect$$libinit$$00000000          0x0800012c   Section        2  libinit.o(.ARM.Collect$$libinit$$00000000)
    .ARM.Collect$$libinit$$00000002          0x0800012e   Section        0  libinit2.o(.ARM.Collect$$libinit$$00000002)
    .ARM.Collect$$libinit$$00000004          0x0800012e   Section        0  libinit2.o(.ARM.Collect$$libinit$$00000004)
    .ARM.Collect$$libinit$$0000000A          0x0800012e   Section        0  libinit2.o(.ARM.Collect$$libinit$$0000000A)
    .ARM.Collect$$libinit$$0000000C          0x0800012e   Section        0  libinit2.o(.ARM.Collect$$libinit$$0000000C)
    .ARM.Collect$$libinit$$0000000E          0x0800012e   Section        0  libinit2.o(.ARM.Collect$$libinit$$0000000E)
    .ARM.Collect$$libinit$$00000011          0x0800012e   Section        0  libinit2.o(.ARM.Collect$$libinit$$00000011)
    .ARM.Collect$$libinit$$00000013          0x0800012e   Section        0  libinit2.o(.ARM.Collect$$libinit$$00000013)
    .ARM.Collect$$libinit$$00000015          0x0800012e   Section        0  libinit2.o(.ARM.Collect$$libinit$$00000015)
    .ARM.Collect$$libinit$$00000017          0x0800012e   Section        0  libinit2.o(.ARM.Collect$$libinit$$00000017)
    .ARM.Collect$$libinit$$00000019          0x0800012e   Section        0  libinit2.o(.ARM.Collect$$libinit$$00000019)
    .ARM.Collect$$libinit$$0000001B          0x0800012e   Section        0  libinit2.o(.ARM.Collect$$libinit$$0000001B)
    .ARM.Collect$$libinit$$0000001D          0x0800012e   Section        0  libinit2.o(.ARM.Collect$$libinit$$0000001D)
    .ARM.Collect$$libinit$$0000001F          0x0800012e   Section        0  libinit2.o(.ARM.Collect$$libinit$$0000001F)
    .ARM.Collect$$libinit$$00000021          0x0800012e   Section        0  libinit2.o(.ARM.Collect$$libinit$$00000021)
    .ARM.Collect$$libinit$$00000023          0x0800012e   Section        0  libinit2.o(.ARM.Collect$$libinit$$00000023)
    .ARM.Collect$$libinit$$00000025          0x0800012e   Section        0  libinit2.o(.ARM.Collect$$libinit$$00000025)
    .ARM.Collect$$libinit$$0000002C          0x0800012e   Section        0  libinit2.o(.ARM.Collect$$libinit$$0000002C)
    .ARM.Collect$$libinit$$0000002E          0x0800012e   Section        0  libinit2.o(.ARM.Collect$$libinit$$0000002E)
    .ARM.Collect$$libinit$$00000030          0x0800012e   Section        0  libinit2.o(.ARM.Collect$$libinit$$00000030)
    .ARM.Collect$$libinit$$00000032          0x0800012e   Section        0  libinit2.o(.ARM.Collect$$libinit$$00000032)
    .ARM.Collect$$libinit$$00000033          0x0800012e   Section        2  libinit2.o(.ARM.Collect$$libinit$$00000033)
    .ARM.Collect$$libshutdown$$00000000      0x08000130   Section        2  libshutdown.o(.ARM.Collect$$libshutdown$$00000000)
    .ARM.Collect$$libshutdown$$00000002      0x08000132   Section        0  libshutdown2.o(.ARM.Collect$$libshutdown$$00000002)
    .ARM.Collect$$libshutdown$$00000004      0x08000132   Section        0  libshutdown2.o(.ARM.Collect$$libshutdown$$00000004)
    .ARM.Collect$$libshutdown$$00000007      0x08000132   Section        0  libshutdown2.o(.ARM.Collect$$libshutdown$$00000007)
    .ARM.Collect$$libshutdown$$0000000A      0x08000132   Section        0  libshutdown2.o(.ARM.Collect$$libshutdown$$0000000A)
    .ARM.Collect$$libshutdown$$0000000C      0x08000132   Section        0  libshutdown2.o(.ARM.Collect$$libshutdown$$0000000C)
    .ARM.Collect$$libshutdown$$0000000F      0x08000132   Section        0  libshutdown2.o(.ARM.Collect$$libshutdown$$0000000F)
    .ARM.Collect$$libshutdown$$00000010      0x08000132   Section        2  libshutdown2.o(.ARM.Collect$$libshutdown$$00000010)
    .ARM.Collect$$rtentry$$00000000          0x08000134   Section        0  __rtentry.o(.ARM.Collect$$rtentry$$00000000)
    .ARM.Collect$$rtentry$$00000002          0x08000134   Section        0  __rtentry2.o(.ARM.Collect$$rtentry$$00000002)
    .ARM.Collect$$rtentry$$00000004          0x08000134   Section        6  __rtentry4.o(.ARM.Collect$$rtentry$$00000004)
    .ARM.Collect$$rtentry$$00000009          0x0800013a   Section        0  __rtentry2.o(.ARM.Collect$$rtentry$$00000009)
    .ARM.Collect$$rtentry$$0000000A          0x0800013a   Section        4  __rtentry2.o(.ARM.Collect$$rtentry$$0000000A)
    .ARM.Collect$$rtentry$$0000000C          0x0800013e   Section        0  __rtentry2.o(.ARM.Collect$$rtentry$$0000000C)
    .ARM.Collect$$rtentry$$0000000D          0x0800013e   Section        8  __rtentry2.o(.ARM.Collect$$rtentry$$0000000D)
    .ARM.Collect$$rtexit$$00000000           0x08000146   Section        2  rtexit.o(.ARM.Collect$$rtexit$$00000000)
    .ARM.Collect$$rtexit$$00000002           0x08000148   Section        0  rtexit2.o(.ARM.Collect$$rtexit$$00000002)
    .ARM.Collect$$rtexit$$00000003           0x08000148   Section        4  rtexit2.o(.ARM.Collect$$rtexit$$00000003)
    .ARM.Collect$$rtexit$$00000004           0x0800014c   Section        6  rtexit2.o(.ARM.Collect$$rtexit$$00000004)
    .text                                    0x08000154   Section       56  startup_stm32f0xx_ld.o(.text)
    .text                                    0x0800018c   Section      346  aeabi_sdiv.o(.text)
    .text                                    0x080002e6   Section        0  heapauxi.o(.text)
    .text                                    0x080002ec   Section        0  ffixi.o(.text)
    .text                                    0x08000338   Section        0  ffixui.o(.text)
    .text                                    0x08000368   Section        0  fflti.o(.text)
    .text                                    0x080003c6   Section       62  sys_stackheap_outer.o(.text)
    .text                                    0x08000404   Section        0  exit.o(.text)
    .text                                    0x08000414   Section        8  libspace.o(.text)
    .text                                    0x0800041c   Section        0  sys_exit.o(.text)
    .text                                    0x08000428   Section        2  use_no_semi.o(.text)
    .text                                    0x0800042a   Section        0  indicate_semi.o(.text)
    i.ADC1_Init                              0x0800042c   Section        0  adc.o(i.ADC1_Init)
    i.ADC_ChannelConfig                      0x080004d4   Section        0  stm32f0xx_adc.o(i.ADC_ChannelConfig)
    i.ADC_Cmd                                0x080004de   Section        0  stm32f0xx_adc.o(i.ADC_Cmd)
    i.ADC_DMACmd                             0x080004f0   Section        0  stm32f0xx_adc.o(i.ADC_DMACmd)
    i.ADC_DeInit                             0x08000504   Section        0  stm32f0xx_adc.o(i.ADC_DeInit)
    i.ADC_GPIO_Init                          0x08000524   Section        0  adc.o(i.ADC_GPIO_Init)
    i.ADC_GetCalibrationFactor               0x08000546   Section        0  stm32f0xx_adc.o(i.ADC_GetCalibrationFactor)
    i.ADC_GetConversionValue                 0x08000574   Section        0  stm32f0xx_adc.o(i.ADC_GetConversionValue)
    i.ADC_GetFlagStatus                      0x0800057a   Section        0  stm32f0xx_adc.o(i.ADC_GetFlagStatus)
    i.ADC_Init                               0x08000598   Section        0  stm32f0xx_adc.o(i.ADC_Init)
    i.ADC_StartOfConversion                  0x080005c4   Section        0  stm32f0xx_adc.o(i.ADC_StartOfConversion)
    i.ADC_StructInit                         0x080005ce   Section        0  stm32f0xx_adc.o(i.ADC_StructInit)
    i.Control_out                            0x080005e0   Section        0  main.o(i.Control_out)
    i.GPIO_Init                              0x0800063c   Section        0  stm32f0xx_gpio.o(i.GPIO_Init)
    i.GPIO_ReadInputDataBit                  0x080006ac   Section        0  stm32f0xx_gpio.o(i.GPIO_ReadInputDataBit)
    i.GPIO_ResetBits                         0x080006ba   Section        0  stm32f0xx_gpio.o(i.GPIO_ResetBits)
    i.GPIO_SetBits                           0x080006be   Section        0  stm32f0xx_gpio.o(i.GPIO_SetBits)
    i.HDReset                                0x080006c4   Section        0  st7567.o(i.HDReset)
    i.HardFault_Handler                      0x080006ec   Section        0  stm32f0xx_it.o(i.HardFault_Handler)
    i.IWDG_ReloadCounter                     0x080006f0   Section        0  stm32f0xx_iwdg.o(i.IWDG_ReloadCounter)
    i.IWDG_init                              0x08000700   Section        0  main.o(i.IWDG_init)
    i.NMI_Handler                            0x0800072c   Section        0  stm32f0xx_it.o(i.NMI_Handler)
    i.NVIC_Init                              0x08000730   Section        0  stm32f0xx_misc.o(i.NVIC_Init)
    i.OLED_DrawPointNum                      0x08000780   Section        0  st7567.o(i.OLED_DrawPointNum)
    i.PID                                    0x080007ec   Section        0  main.o(i.PID)
    i.PendSV_Handler                         0x08000898   Section        0  stm32f0xx_it.o(i.PendSV_Handler)
    i.RCC_ADCCLKConfig                       0x0800089c   Section        0  stm32f0xx_rcc.o(i.RCC_ADCCLKConfig)
    i.RCC_AHBPeriphClockCmd                  0x080008c8   Section        0  stm32f0xx_rcc.o(i.RCC_AHBPeriphClockCmd)
    i.RCC_APB1PeriphClockCmd                 0x080008e0   Section        0  stm32f0xx_rcc.o(i.RCC_APB1PeriphClockCmd)
    i.RCC_APB2PeriphClockCmd                 0x080008f8   Section        0  stm32f0xx_rcc.o(i.RCC_APB2PeriphClockCmd)
    i.RCC_APB2PeriphResetCmd                 0x08000910   Section        0  stm32f0xx_rcc.o(i.RCC_APB2PeriphResetCmd)
    i.ST7567_GPIO_Init                       0x08000928   Section        0  st7567.o(i.ST7567_GPIO_Init)
    i.ST7567_Init                            0x08000984   Section        0  st7567.o(i.ST7567_Init)
    i.ST7567_WriteCommand                    0x080009fc   Section        0  st7567.o(i.ST7567_WriteCommand)
    i.ST7567_WriteData                       0x08000a54   Section        0  st7567.o(i.ST7567_WriteData)
    i.ST7567_draw_point                      0x08000aac   Section        0  st7567.o(i.ST7567_draw_point)
    i.SVC_Handler                            0x08000ae8   Section        0  stm32f0xx_it.o(i.SVC_Handler)
    i.SetSysClock                            0x08000aec   Section        0  system_stm32f0xx.o(i.SetSysClock)
    SetSysClock                              0x08000aed   Thumb Code   146  system_stm32f0xx.o(i.SetSysClock)
    i.SysTick_CLKSourceConfig                0x08000b88   Section        0  stm32f0xx_misc.o(i.SysTick_CLKSourceConfig)
    i.SysTick_Handler                        0x08000ba0   Section        0  stm32f0xx_it.o(i.SysTick_Handler)
    i.SystemInit                             0x08000ba4   Section        0  system_stm32f0xx.o(i.SystemInit)
    i.T12_CRL_io_init                        0x08000c04   Section        0  main.o(i.T12_CRL_io_init)
    i.TIM16_IRQHandler                       0x08000c28   Section        0  main.o(i.TIM16_IRQHandler)
    i.TIM16_Init                             0x08000c3c   Section        0  tim.o(i.TIM16_Init)
    i.TIM3_IRQHandler                        0x08000c94   Section        0  main.o(i.TIM3_IRQHandler)
    i.TIM3_Int_Init                          0x08000ca8   Section        0  tim.o(i.TIM3_Int_Init)
    i.TIM_ARRPreloadConfig                   0x08000cf8   Section        0  stm32f0xx_tim.o(i.TIM_ARRPreloadConfig)
    i.TIM_ClearITPendingBit                  0x08000d0a   Section        0  stm32f0xx_tim.o(i.TIM_ClearITPendingBit)
    i.TIM_Cmd                                0x08000d10   Section        0  stm32f0xx_tim.o(i.TIM_Cmd)
    i.TIM_ITConfig                           0x08000d24   Section        0  stm32f0xx_tim.o(i.TIM_ITConfig)
    i.TIM_TimeBaseInit                       0x08000d34   Section        0  stm32f0xx_tim.o(i.TIM_TimeBaseInit)
    i.beep_io_init                           0x08000da8   Section        0  beep.o(i.beep_io_init)
    i.beep_number                            0x08000dcc   Section        0  beep.o(i.beep_number)
    i.delay_init                             0x08000e04   Section        0  delay.o(i.delay_init)
    i.delay_ms                               0x08000e34   Section        0  delay.o(i.delay_ms)
    i.delay_us                               0x08000e6c   Section        0  delay.o(i.delay_us)
    i.encode                                 0x08000ea4   Section        0  encode.o(i.encode)
    i.encode_io_init                         0x08000f5c   Section        0  encode.o(i.encode_io_init)
    i.encode_readio                          0x08000f84   Section        0  encode.o(i.encode_readio)
    i.get_adc                                0x08000fb4   Section        0  adc.o(i.get_adc)
    i.lcd_show                               0x08000fe4   Section        0  main.o(i.lcd_show)
    i.main                                   0x080010ec   Section        0  main.o(i.main)
    i.mypow                                  0x0800114c   Section        0  st7567.o(i.mypow)
    i.st7567_ClearScreen                     0x08001160   Section        0  st7567.o(i.st7567_ClearScreen)
    i.st7567_Refresh_Gram                    0x08001194   Section        0  st7567.o(i.st7567_Refresh_Gram)
    i.st7567_ShowChar                        0x080011d4   Section        0  st7567.o(i.st7567_ShowChar)
    i.st7567_ShowChinese                     0x08001280   Section        0  st7567.o(i.st7567_ShowChinese)
    i.st7567_ShowNum                         0x08001328   Section        0  st7567.o(i.st7567_ShowNum)
    i.st7567_ShowString                      0x0800139c   Section        0  st7567.o(i.st7567_ShowString)
    x$fpl$fadd                               0x080013f8   Section      140  faddsub.o(x$fpl$fadd)
    _fadd1                                   0x08001405   Thumb Code     0  faddsub.o(x$fpl$fadd)
    x$fpl$fmul                               0x08001484   Section      176  fmul.o(x$fpl$fmul)
    x$fpl$fsub                               0x08001534   Section      208  faddsub.o(x$fpl$fsub)
    _fsub1                                   0x08001541   Thumb Code     0  faddsub.o(x$fpl$fsub)
    .constdata                               0x08001604   Section     6644  st7567.o(.constdata)
    x$fpl$usenofp                            0x08001604   Section        0  usenofp.o(x$fpl$usenofp)
    .data                                    0x20000000   Section        4  delay.o(.data)
    fac_us                                   0x20000000   Data           1  delay.o(.data)
    fac_ms                                   0x20000002   Data           2  delay.o(.data)
    .data                                    0x20000004   Section        8  encode.o(.data)
    .data                                    0x2000000c   Section       48  main.o(.data)
    .data                                    0x2000003c   Section        4  adc.o(.data)
    .data                                    0x20000040   Section       20  system_stm32f0xx.o(.data)
    .bss                                     0x20000054   Section     2048  st7567.o(.bss)
    .bss                                     0x20000854   Section       10  adc.o(.bss)
    .bss                                     0x20000860   Section       96  libspace.o(.bss)
    HEAP                                     0x200008c0   Section      512  startup_stm32f0xx_ld.o(HEAP)
    Heap_Mem                                 0x200008c0   Data         512  startup_stm32f0xx_ld.o(HEAP)
    STACK                                    0x20000ac0   Section     1024  startup_stm32f0xx_ld.o(STACK)
    Stack_Mem                                0x20000ac0   Data        1024  startup_stm32f0xx_ld.o(STACK)
    __initial_sp                             0x20000ec0   Data           0  startup_stm32f0xx_ld.o(STACK)

    Global Symbols

    Symbol Name                              Value     Ov Type        Size  Object(Section)

    BuildAttributes$$THM_ISAv3M$S$PE$A:L22$X:L11$S22$IEEE1$IW$USESV6$~STKCKD$USESV7$~SHL$OSPACE$ROPI$EBA8$UX$STANDARDLIB$REQ8$PRES8$EABIv2 0x00000000   Number         0  anon$$obj.o ABSOLUTE
    __ARM_use_no_argv                        0x00000000   Number         0  main.o ABSOLUTE
    __ARM_exceptions_init                     - Undefined Weak Reference
    __alloca_initialize                       - Undefined Weak Reference
    __arm_preinit_                            - Undefined Weak Reference
    __cpp_initialize__aeabi_                  - Undefined Weak Reference
    __cxa_finalize                            - Undefined Weak Reference
    __rt_locale                               - Undefined Weak Reference
    __sigvec_lookup                           - Undefined Weak Reference
    _atexit_init                              - Undefined Weak Reference
    _call_atexit_fns                          - Undefined Weak Reference
    _clock_init                               - Undefined Weak Reference
    _fp_trap_init                             - Undefined Weak Reference
    _fp_trap_shutdown                         - Undefined Weak Reference
    _get_lc_collate                           - Undefined Weak Reference
    _get_lc_ctype                             - Undefined Weak Reference
    _get_lc_monetary                          - Undefined Weak Reference
    _get_lc_numeric                           - Undefined Weak Reference
    _get_lc_time                              - Undefined Weak Reference
    _getenv_init                              - Undefined Weak Reference
    _handle_redirection                       - Undefined Weak Reference
    _init_alloc                               - Undefined Weak Reference
    _init_user_alloc                          - Undefined Weak Reference
    _initio                                   - Undefined Weak Reference
    _rand_init                                - Undefined Weak Reference
    _signal_finish                            - Undefined Weak Reference
    _signal_init                              - Undefined Weak Reference
    _terminate_alloc                          - Undefined Weak Reference
    _terminate_user_alloc                     - Undefined Weak Reference
    _terminateio                              - Undefined Weak Reference
    __Vectors_Size                           0x000000b0   Number         0  startup_stm32f0xx_ld.o ABSOLUTE
    __Vectors                                0x08000000   Data           4  startup_stm32f0xx_ld.o(RESET)
    __Vectors_End                            0x080000b0   Data           0  startup_stm32f0xx_ld.o(RESET)
    __main                                   0x080000b1   Thumb Code     8  __main.o(!!!main)
    __scatterload                            0x080000b9   Thumb Code     0  __scatter.o(!!!scatter)
    __scatterload_rt2                        0x080000b9   Thumb Code    52  __scatter.o(!!!scatter)
    __scatterload_rt2_thumb_only             0x080000b9   Thumb Code     0  __scatter.o(!!!scatter)
    __scatterload_null                       0x080000c9   Thumb Code     0  __scatter.o(!!!scatter)
    __scatterload_copy                       0x080000f5   Thumb Code    26  __scatter_copy.o(!!handler_copy)
    __scatterload_zeroinit                   0x08000111   Thumb Code    28  __scatter_zi.o(!!handler_zi)
    __rt_lib_init                            0x0800012d   Thumb Code     0  libinit.o(.ARM.Collect$$libinit$$00000000)
    __rt_lib_init_alloca_1                   0x0800012f   Thumb Code     0  libinit2.o(.ARM.Collect$$libinit$$0000002E)
    __rt_lib_init_argv_1                     0x0800012f   Thumb Code     0  libinit2.o(.ARM.Collect$$libinit$$0000002C)
    __rt_lib_init_atexit_1                   0x0800012f   Thumb Code     0  libinit2.o(.ARM.Collect$$libinit$$0000001B)
    __rt_lib_init_clock_1                    0x0800012f   Thumb Code     0  libinit2.o(.ARM.Collect$$libinit$$00000021)
    __rt_lib_init_cpp_1                      0x0800012f   Thumb Code     0  libinit2.o(.ARM.Collect$$libinit$$00000032)
    __rt_lib_init_exceptions_1               0x0800012f   Thumb Code     0  libinit2.o(.ARM.Collect$$libinit$$00000030)
    __rt_lib_init_fp_1                       0x0800012f   Thumb Code     0  libinit2.o(.ARM.Collect$$libinit$$00000002)
    __rt_lib_init_fp_trap_1                  0x0800012f   Thumb Code     0  libinit2.o(.ARM.Collect$$libinit$$0000001F)
    __rt_lib_init_getenv_1                   0x0800012f   Thumb Code     0  libinit2.o(.ARM.Collect$$libinit$$00000023)
    __rt_lib_init_heap_1                     0x0800012f   Thumb Code     0  libinit2.o(.ARM.Collect$$libinit$$0000000A)
    __rt_lib_init_lc_collate_1               0x0800012f   Thumb Code     0  libinit2.o(.ARM.Collect$$libinit$$00000011)
    __rt_lib_init_lc_ctype_1                 0x0800012f   Thumb Code     0  libinit2.o(.ARM.Collect$$libinit$$00000013)
    __rt_lib_init_lc_monetary_1              0x0800012f   Thumb Code     0  libinit2.o(.ARM.Collect$$libinit$$00000015)
    __rt_lib_init_lc_numeric_1               0x0800012f   Thumb Code     0  libinit2.o(.ARM.Collect$$libinit$$00000017)
    __rt_lib_init_lc_time_1                  0x0800012f   Thumb Code     0  libinit2.o(.ARM.Collect$$libinit$$00000019)
    __rt_lib_init_preinit_1                  0x0800012f   Thumb Code     0  libinit2.o(.ARM.Collect$$libinit$$00000004)
    __rt_lib_init_rand_1                     0x0800012f   Thumb Code     0  libinit2.o(.ARM.Collect$$libinit$$0000000E)
    __rt_lib_init_return                     0x0800012f   Thumb Code     0  libinit2.o(.ARM.Collect$$libinit$$00000033)
    __rt_lib_init_signal_1                   0x0800012f   Thumb Code     0  libinit2.o(.ARM.Collect$$libinit$$0000001D)
    __rt_lib_init_stdio_1                    0x0800012f   Thumb Code     0  libinit2.o(.ARM.Collect$$libinit$$00000025)
    __rt_lib_init_user_alloc_1               0x0800012f   Thumb Code     0  libinit2.o(.ARM.Collect$$libinit$$0000000C)
    __rt_lib_shutdown                        0x08000131   Thumb Code     0  libshutdown.o(.ARM.Collect$$libshutdown$$00000000)
    __rt_lib_shutdown_cpp_1                  0x08000133   Thumb Code     0  libshutdown2.o(.ARM.Collect$$libshutdown$$00000002)
    __rt_lib_shutdown_fp_trap_1              0x08000133   Thumb Code     0  libshutdown2.o(.ARM.Collect$$libshutdown$$00000007)
    __rt_lib_shutdown_heap_1                 0x08000133   Thumb Code     0  libshutdown2.o(.ARM.Collect$$libshutdown$$0000000F)
    __rt_lib_shutdown_return                 0x08000133   Thumb Code     0  libshutdown2.o(.ARM.Collect$$libshutdown$$00000010)
    __rt_lib_shutdown_signal_1               0x08000133   Thumb Code     0  libshutdown2.o(.ARM.Collect$$libshutdown$$0000000A)
    __rt_lib_shutdown_stdio_1                0x08000133   Thumb Code     0  libshutdown2.o(.ARM.Collect$$libshutdown$$00000004)
    __rt_lib_shutdown_user_alloc_1           0x08000133   Thumb Code     0  libshutdown2.o(.ARM.Collect$$libshutdown$$0000000C)
    __rt_entry                               0x08000135   Thumb Code     0  __rtentry.o(.ARM.Collect$$rtentry$$00000000)
    __rt_entry_presh_1                       0x08000135   Thumb Code     0  __rtentry2.o(.ARM.Collect$$rtentry$$00000002)
    __rt_entry_sh                            0x08000135   Thumb Code     0  __rtentry4.o(.ARM.Collect$$rtentry$$00000004)
    __rt_entry_li                            0x0800013b   Thumb Code     0  __rtentry2.o(.ARM.Collect$$rtentry$$0000000A)
    __rt_entry_postsh_1                      0x0800013b   Thumb Code     0  __rtentry2.o(.ARM.Collect$$rtentry$$00000009)
    __rt_entry_main                          0x0800013f   Thumb Code     0  __rtentry2.o(.ARM.Collect$$rtentry$$0000000D)
    __rt_entry_postli_1                      0x0800013f   Thumb Code     0  __rtentry2.o(.ARM.Collect$$rtentry$$0000000C)
    __rt_exit                                0x08000147   Thumb Code     0  rtexit.o(.ARM.Collect$$rtexit$$00000000)
    __rt_exit_ls                             0x08000149   Thumb Code     0  rtexit2.o(.ARM.Collect$$rtexit$$00000003)
    __rt_exit_prels_1                        0x08000149   Thumb Code     0  rtexit2.o(.ARM.Collect$$rtexit$$00000002)
    __rt_exit_exit                           0x0800014d   Thumb Code     0  rtexit2.o(.ARM.Collect$$rtexit$$00000004)
    Reset_Handler                            0x08000155   Thumb Code     8  startup_stm32f0xx_ld.o(.text)
    ADC1_IRQHandler                          0x08000167   Thumb Code     0  startup_stm32f0xx_ld.o(.text)
    DMA1_Channel1_IRQHandler                 0x08000167   Thumb Code     0  startup_stm32f0xx_ld.o(.text)
    DMA1_Channel2_3_IRQHandler               0x08000167   Thumb Code     0  startup_stm32f0xx_ld.o(.text)
    DMA1_Channel4_5_IRQHandler               0x08000167   Thumb Code     0  startup_stm32f0xx_ld.o(.text)
    EXTI0_1_IRQHandler                       0x08000167   Thumb Code     0  startup_stm32f0xx_ld.o(.text)
    EXTI2_3_IRQHandler                       0x08000167   Thumb Code     0  startup_stm32f0xx_ld.o(.text)
    EXTI4_15_IRQHandler                      0x08000167   Thumb Code     0  startup_stm32f0xx_ld.o(.text)
    FLASH_IRQHandler                         0x08000167   Thumb Code     0  startup_stm32f0xx_ld.o(.text)
    I2C1_IRQHandler                          0x08000167   Thumb Code     0  startup_stm32f0xx_ld.o(.text)
    PVD_IRQHandler                           0x08000167   Thumb Code     0  startup_stm32f0xx_ld.o(.text)
    RCC_IRQHandler                           0x08000167   Thumb Code     0  startup_stm32f0xx_ld.o(.text)
    RTC_IRQHandler                           0x08000167   Thumb Code     0  startup_stm32f0xx_ld.o(.text)
    SPI1_IRQHandler                          0x08000167   Thumb Code     0  startup_stm32f0xx_ld.o(.text)
    TIM14_IRQHandler                         0x08000167   Thumb Code     0  startup_stm32f0xx_ld.o(.text)
    TIM17_IRQHandler                         0x08000167   Thumb Code     0  startup_stm32f0xx_ld.o(.text)
    TIM1_BRK_UP_TRG_COM_IRQHandler           0x08000167   Thumb Code     0  startup_stm32f0xx_ld.o(.text)
    TIM1_CC_IRQHandler                       0x08000167   Thumb Code     0  startup_stm32f0xx_ld.o(.text)
    TIM2_IRQHandler                          0x08000167   Thumb Code     0  startup_stm32f0xx_ld.o(.text)
    USART1_IRQHandler                        0x08000167   Thumb Code     0  startup_stm32f0xx_ld.o(.text)
    WWDG_IRQHandler                          0x08000167   Thumb Code     0  startup_stm32f0xx_ld.o(.text)
    __user_initial_stackheap                 0x08000169   Thumb Code     0  startup_stm32f0xx_ld.o(.text)
    __aeabi_uidiv                            0x0800018d   Thumb Code     0  aeabi_sdiv.o(.text)
    __aeabi_uidivmod                         0x0800018d   Thumb Code    20  aeabi_sdiv.o(.text)
    __aeabi_idiv                             0x080001a1   Thumb Code     0  aeabi_sdiv.o(.text)
    __aeabi_idivmod                          0x080001a1   Thumb Code   326  aeabi_sdiv.o(.text)
    __use_two_region_memory                  0x080002e7   Thumb Code     2  heapauxi.o(.text)
    __rt_heap_escrow$2region                 0x080002e9   Thumb Code     2  heapauxi.o(.text)
    __rt_heap_expand$2region                 0x080002eb   Thumb Code     2  heapauxi.o(.text)
    __aeabi_f2iz                             0x080002ed   Thumb Code     0  ffixi.o(.text)
    _ffix                                    0x080002ed   Thumb Code    76  ffixi.o(.text)
    __aeabi_f2uiz                            0x08000339   Thumb Code     0  ffixui.o(.text)
    _ffixu                                   0x08000339   Thumb Code    48  ffixui.o(.text)
    __aeabi_i2f_normalise                    0x08000369   Thumb Code    72  fflti.o(.text)
    __aeabi_i2f                              0x080003b1   Thumb Code    16  fflti.o(.text)
    _fflt                                    0x080003b1   Thumb Code     0  fflti.o(.text)
    __aeabi_ui2f                             0x080003c1   Thumb Code     6  fflti.o(.text)
    _ffltu                                   0x080003c1   Thumb Code     0  fflti.o(.text)
    __user_setup_stackheap                   0x080003c7   Thumb Code    62  sys_stackheap_outer.o(.text)
    exit                                     0x08000405   Thumb Code    16  exit.o(.text)
    __user_libspace                          0x08000415   Thumb Code     8  libspace.o(.text)
    __user_perproc_libspace                  0x08000415   Thumb Code     0  libspace.o(.text)
    __user_perthread_libspace                0x08000415   Thumb Code     0  libspace.o(.text)
    _sys_exit                                0x0800041d   Thumb Code     8  sys_exit.o(.text)
    __I$use$semihosting                      0x08000429   Thumb Code     0  use_no_semi.o(.text)
    __use_no_semihosting_swi                 0x08000429   Thumb Code     2  use_no_semi.o(.text)
    __semihosting_library_function           0x0800042b   Thumb Code     0  indicate_semi.o(.text)
    ADC1_Init                                0x0800042d   Thumb Code   150  adc.o(i.ADC1_Init)
    ADC_ChannelConfig                        0x080004d5   Thumb Code    10  stm32f0xx_adc.o(i.ADC_ChannelConfig)
    ADC_Cmd                                  0x080004df   Thumb Code    18  stm32f0xx_adc.o(i.ADC_Cmd)
    ADC_DMACmd                               0x080004f1   Thumb Code    20  stm32f0xx_adc.o(i.ADC_DMACmd)
    ADC_DeInit                               0x08000505   Thumb Code    28  stm32f0xx_adc.o(i.ADC_DeInit)
    ADC_GPIO_Init                            0x08000525   Thumb Code    34  adc.o(i.ADC_GPIO_Init)
    ADC_GetCalibrationFactor                 0x08000547   Thumb Code    46  stm32f0xx_adc.o(i.ADC_GetCalibrationFactor)
    ADC_GetConversionValue                   0x08000575   Thumb Code     6  stm32f0xx_adc.o(i.ADC_GetConversionValue)
    ADC_GetFlagStatus                        0x0800057b   Thumb Code    28  stm32f0xx_adc.o(i.ADC_GetFlagStatus)
    ADC_Init                                 0x08000599   Thumb Code    38  stm32f0xx_adc.o(i.ADC_Init)
    ADC_StartOfConversion                    0x080005c5   Thumb Code    10  stm32f0xx_adc.o(i.ADC_StartOfConversion)
    ADC_StructInit                           0x080005cf   Thumb Code    16  stm32f0xx_adc.o(i.ADC_StructInit)
    Control_out                              0x080005e1   Thumb Code    86  main.o(i.Control_out)
    GPIO_Init                                0x0800063d   Thumb Code   112  stm32f0xx_gpio.o(i.GPIO_Init)
    GPIO_ReadInputDataBit                    0x080006ad   Thumb Code    14  stm32f0xx_gpio.o(i.GPIO_ReadInputDataBit)
    GPIO_ResetBits                           0x080006bb   Thumb Code     4  stm32f0xx_gpio.o(i.GPIO_ResetBits)
    GPIO_SetBits                             0x080006bf   Thumb Code     4  stm32f0xx_gpio.o(i.GPIO_SetBits)
    HDReset                                  0x080006c5   Thumb Code    34  st7567.o(i.HDReset)
    HardFault_Handler                        0x080006ed   Thumb Code     2  stm32f0xx_it.o(i.HardFault_Handler)
    IWDG_ReloadCounter                       0x080006f1   Thumb Code     8  stm32f0xx_iwdg.o(i.IWDG_ReloadCounter)
    IWDG_init                                0x08000701   Thumb Code    28  main.o(i.IWDG_init)
    NMI_Handler                              0x0800072d   Thumb Code     2  stm32f0xx_it.o(i.NMI_Handler)
    NVIC_Init                                0x08000731   Thumb Code    70  stm32f0xx_misc.o(i.NVIC_Init)
    OLED_DrawPointNum                        0x08000781   Thumb Code   102  st7567.o(i.OLED_DrawPointNum)
    PID                                      0x080007ed   Thumb Code   166  main.o(i.PID)
    PendSV_Handler                           0x08000899   Thumb Code     2  stm32f0xx_it.o(i.PendSV_Handler)
    RCC_ADCCLKConfig                         0x0800089d   Thumb Code    38  stm32f0xx_rcc.o(i.RCC_ADCCLKConfig)
    RCC_AHBPeriphClockCmd                    0x080008c9   Thumb Code    18  stm32f0xx_rcc.o(i.RCC_AHBPeriphClockCmd)
    RCC_APB1PeriphClockCmd                   0x080008e1   Thumb Code    18  stm32f0xx_rcc.o(i.RCC_APB1PeriphClockCmd)
    RCC_APB2PeriphClockCmd                   0x080008f9   Thumb Code    18  stm32f0xx_rcc.o(i.RCC_APB2PeriphClockCmd)
    RCC_APB2PeriphResetCmd                   0x08000911   Thumb Code    18  stm32f0xx_rcc.o(i.RCC_APB2PeriphResetCmd)
    ST7567_GPIO_Init                         0x08000929   Thumb Code    80  st7567.o(i.ST7567_GPIO_Init)
    ST7567_Init                              0x08000985   Thumb Code   114  st7567.o(i.ST7567_Init)
    ST7567_WriteCommand                      0x080009fd   Thumb Code    82  st7567.o(i.ST7567_WriteCommand)
    ST7567_WriteData                         0x08000a55   Thumb Code    82  st7567.o(i.ST7567_WriteData)
    ST7567_draw_point                        0x08000aad   Thumb Code    56  st7567.o(i.ST7567_draw_point)
    SVC_Handler                              0x08000ae9   Thumb Code     2  stm32f0xx_it.o(i.SVC_Handler)
    SysTick_CLKSourceConfig                  0x08000b89   Thumb Code    20  stm32f0xx_misc.o(i.SysTick_CLKSourceConfig)
    SysTick_Handler                          0x08000ba1   Thumb Code     2  stm32f0xx_it.o(i.SysTick_Handler)
    SystemInit                               0x08000ba5   Thumb Code    84  system_stm32f0xx.o(i.SystemInit)
    T12_CRL_io_init                          0x08000c05   Thumb Code    36  main.o(i.T12_CRL_io_init)
    TIM16_IRQHandler                         0x08000c29   Thumb Code    16  main.o(i.TIM16_IRQHandler)
    TIM16_Init                               0x08000c3d   Thumb Code    82  tim.o(i.TIM16_Init)
    TIM3_IRQHandler                          0x08000c95   Thumb Code    16  main.o(i.TIM3_IRQHandler)
    TIM3_Int_Init                            0x08000ca9   Thumb Code    74  tim.o(i.TIM3_Int_Init)
    TIM_ARRPreloadConfig                     0x08000cf9   Thumb Code    18  stm32f0xx_tim.o(i.TIM_ARRPreloadConfig)
    TIM_ClearITPendingBit                    0x08000d0b   Thumb Code     6  stm32f0xx_tim.o(i.TIM_ClearITPendingBit)
    TIM_Cmd                                  0x08000d11   Thumb Code    20  stm32f0xx_tim.o(i.TIM_Cmd)
    TIM_ITConfig                             0x08000d25   Thumb Code    16  stm32f0xx_tim.o(i.TIM_ITConfig)
    TIM_TimeBaseInit                         0x08000d35   Thumb Code    88  stm32f0xx_tim.o(i.TIM_TimeBaseInit)
    beep_io_init                             0x08000da9   Thumb Code    36  beep.o(i.beep_io_init)
    beep_number                              0x08000dcd   Thumb Code    56  beep.o(i.beep_number)
    delay_init                               0x08000e05   Thumb Code    36  delay.o(i.delay_init)
    delay_ms                                 0x08000e35   Thumb Code    46  delay.o(i.delay_ms)
    delay_us                                 0x08000e6d   Thumb Code    46  delay.o(i.delay_us)
    encode                                   0x08000ea5   Thumb Code   176  encode.o(i.encode)
    encode_io_init                           0x08000f5d   Thumb Code    40  encode.o(i.encode_io_init)
    encode_readio                            0x08000f85   Thumb Code    44  encode.o(i.encode_readio)
    get_adc                                  0x08000fb5   Thumb Code    42  adc.o(i.get_adc)
    lcd_show                                 0x08000fe5   Thumb Code   240  main.o(i.lcd_show)
    main                                     0x080010ed   Thumb Code    90  main.o(i.main)
    mypow                                    0x0800114d   Thumb Code    20  st7567.o(i.mypow)
    st7567_ClearScreen                       0x08001161   Thumb Code    52  st7567.o(i.st7567_ClearScreen)
    st7567_Refresh_Gram                      0x08001195   Thumb Code    60  st7567.o(i.st7567_Refresh_Gram)
    st7567_ShowChar                          0x080011d5   Thumb Code   164  st7567.o(i.st7567_ShowChar)
    st7567_ShowChinese                       0x08001281   Thumb Code   164  st7567.o(i.st7567_ShowChinese)
    st7567_ShowNum                           0x08001329   Thumb Code   116  st7567.o(i.st7567_ShowNum)
    st7567_ShowString                        0x0800139d   Thumb Code    92  st7567.o(i.st7567_ShowString)
    __aeabi_fadd                             0x080013f9   Thumb Code     0  faddsub.o(x$fpl$fadd)
    _fadd                                    0x080013f9   Thumb Code   134  faddsub.o(x$fpl$fadd)
    __aeabi_fmul                             0x08001485   Thumb Code     0  fmul.o(x$fpl$fmul)
    _fmul                                    0x08001485   Thumb Code   172  fmul.o(x$fpl$fmul)
    __aeabi_fsub                             0x08001535   Thumb Code     0  faddsub.o(x$fpl$fsub)
    _fsub                                    0x08001535   Thumb Code   204  faddsub.o(x$fpl$fsub)
    __I$use$fp                               0x08001604   Number         0  usenofp.o(x$fpl$usenofp)
    asc2_1206                                0x08001604   Data        4560  st7567.o(.constdata)
    asc2_2412                                0x080027d4   Data          36  st7567.o(.constdata)
    Chinese_1212                             0x080027f8   Data          24  st7567.o(.constdata)
    Chinese_1616                             0x08002810   Data          32  st7567.o(.constdata)
    Chinese_2424                             0x08002830   Data          72  st7567.o(.constdata)
    num_4422                                 0x08002878   Data        1920  st7567.o(.constdata)
    Region$$Table$$Base                      0x08002ff8   Number         0  anon$$obj.o(Region$$Table)
    Region$$Table$$Limit                     0x08003018   Number         0  anon$$obj.o(Region$$Table)
    state                                    0x20000004   Data           2  encode.o(.data)
    encodea                                  0x20000006   Data           2  encode.o(.data)
    encodeb                                  0x20000008   Data           2  encode.o(.data)
    encodek                                  0x2000000a   Data           2  encode.o(.data)
    zhouqijishu                              0x2000000c   Data           2  main.o(.data)
    jiareshu                                 0x2000000e   Data           2  main.o(.data)
    t12wendu                                 0x20000010   Data           2  main.o(.data)
    shedingwendu                             0x20000012   Data           2  main.o(.data)
    aggkp                                    0x20000014   Data           4  main.o(.data)
    aggki                                    0x20000018   Data           4  main.o(.data)
    aggkd                                    0x2000001c   Data           4  main.o(.data)
    consKp                                   0x20000020   Data           4  main.o(.data)
    consKi                                   0x20000024   Data           4  main.o(.data)
    consKd                                   0x20000028   Data           4  main.o(.data)
    error1                                   0x2000002c   Data           4  main.o(.data)
    error2                                   0x20000030   Data           4  main.o(.data)
    error3                                   0x20000034   Data           4  main.o(.data)
    shurudianya                              0x20000038   Data           4  main.o(.data)
    adc_data                                 0x2000003c   Data           4  adc.o(.data)
    SystemCoreClock                          0x20000040   Data           4  system_stm32f0xx.o(.data)
    AHBPrescTable                            0x20000044   Data          16  system_stm32f0xx.o(.data)
    OLED_GRAM                                0x20000054   Data        2048  st7567.o(.bss)
    filter_buf                               0x20000854   Data          10  adc.o(.bss)
    __libspace_start                         0x20000860   Data          96  libspace.o(.bss)
    __temporary_stack_top$libspace           0x200008c0   Data           0  libspace.o(.bss)



==============================================================================

Memory Map of the image

  Image Entry point : 0x080000b1

  Load Region LR_IROM1 (Base: 0x08000000, Size: 0x0000306c, Max: 0x00008000, ABSOLUTE)

    Execution Region ER_IROM1 (Exec base: 0x08000000, Load base: 0x08000000, Size: 0x00003018, Max: 0x00008000, ABSOLUTE)

    Exec Addr    Load Addr    Size         Type   Attr      Idx    E Section Name        Object

    0x08000000   0x08000000   0x000000b0   Data   RO         3734    RESET               startup_stm32f0xx_ld.o
    0x080000b0   0x080000b0   0x00000008   Code   RO         3747  * !!!main             c_p.l(__main.o)
    0x080000b8   0x080000b8   0x0000003c   Code   RO         3931    !!!scatter          c_p.l(__scatter.o)
    0x080000f4   0x080000f4   0x0000001a   Code   RO         3933    !!handler_copy      c_p.l(__scatter_copy.o)
    0x0800010e   0x0800010e   0x00000002   PAD
    0x08000110   0x08000110   0x0000001c   Code   RO         3935    !!handler_zi        c_p.l(__scatter_zi.o)
    0x0800012c   0x0800012c   0x00000002   Code   RO         3800    .ARM.Collect$$libinit$$00000000  c_p.l(libinit.o)
    0x0800012e   0x0800012e   0x00000000   Code   RO         3814    .ARM.Collect$$libinit$$00000002  c_p.l(libinit2.o)
    0x0800012e   0x0800012e   0x00000000   Code   RO         3816    .ARM.Collect$$libinit$$00000004  c_p.l(libinit2.o)
    0x0800012e   0x0800012e   0x00000000   Code   RO         3819    .ARM.Collect$$libinit$$0000000A  c_p.l(libinit2.o)
    0x0800012e   0x0800012e   0x00000000   Code   RO         3821    .ARM.Collect$$libinit$$0000000C  c_p.l(libinit2.o)
    0x0800012e   0x0800012e   0x00000000   Code   RO         3823    .ARM.Collect$$libinit$$0000000E  c_p.l(libinit2.o)
    0x0800012e   0x0800012e   0x00000000   Code   RO         3826    .ARM.Collect$$libinit$$00000011  c_p.l(libinit2.o)
    0x0800012e   0x0800012e   0x00000000   Code   RO         3828    .ARM.Collect$$libinit$$00000013  c_p.l(libinit2.o)
    0x0800012e   0x0800012e   0x00000000   Code   RO         3830    .ARM.Collect$$libinit$$00000015  c_p.l(libinit2.o)
    0x0800012e   0x0800012e   0x00000000   Code   RO         3832    .ARM.Collect$$libinit$$00000017  c_p.l(libinit2.o)
    0x0800012e   0x0800012e   0x00000000   Code   RO         3834    .ARM.Collect$$libinit$$00000019  c_p.l(libinit2.o)
    0x0800012e   0x0800012e   0x00000000   Code   RO         3836    .ARM.Collect$$libinit$$0000001B  c_p.l(libinit2.o)
    0x0800012e   0x0800012e   0x00000000   Code   RO         3838    .ARM.Collect$$libinit$$0000001D  c_p.l(libinit2.o)
    0x0800012e   0x0800012e   0x00000000   Code   RO         3840    .ARM.Collect$$libinit$$0000001F  c_p.l(libinit2.o)
    0x0800012e   0x0800012e   0x00000000   Code   RO         3842    .ARM.Collect$$libinit$$00000021  c_p.l(libinit2.o)
    0x0800012e   0x0800012e   0x00000000   Code   RO         3844    .ARM.Collect$$libinit$$00000023  c_p.l(libinit2.o)
    0x0800012e   0x0800012e   0x00000000   Code   RO         3846    .ARM.Collect$$libinit$$00000025  c_p.l(libinit2.o)
    0x0800012e   0x0800012e   0x00000000   Code   RO         3850    .ARM.Collect$$libinit$$0000002C  c_p.l(libinit2.o)
    0x0800012e   0x0800012e   0x00000000   Code   RO         3852    .ARM.Collect$$libinit$$0000002E  c_p.l(libinit2.o)
    0x0800012e   0x0800012e   0x00000000   Code   RO         3854    .ARM.Collect$$libinit$$00000030  c_p.l(libinit2.o)
    0x0800012e   0x0800012e   0x00000000   Code   RO         3856    .ARM.Collect$$libinit$$00000032  c_p.l(libinit2.o)
    0x0800012e   0x0800012e   0x00000002   Code   RO         3857    .ARM.Collect$$libinit$$00000033  c_p.l(libinit2.o)
    0x08000130   0x08000130   0x00000002   Code   RO         3888    .ARM.Collect$$libshutdown$$00000000  c_p.l(libshutdown.o)
    0x08000132   0x08000132   0x00000000   Code   RO         3914    .ARM.Collect$$libshutdown$$00000002  c_p.l(libshutdown2.o)
    0x08000132   0x08000132   0x00000000   Code   RO         3916    .ARM.Collect$$libshutdown$$00000004  c_p.l(libshutdown2.o)
    0x08000132   0x08000132   0x00000000   Code   RO         3919    .ARM.Collect$$libshutdown$$00000007  c_p.l(libshutdown2.o)
    0x08000132   0x08000132   0x00000000   Code   RO         3922    .ARM.Collect$$libshutdown$$0000000A  c_p.l(libshutdown2.o)
    0x08000132   0x08000132   0x00000000   Code   RO         3924    .ARM.Collect$$libshutdown$$0000000C  c_p.l(libshutdown2.o)
    0x08000132   0x08000132   0x00000000   Code   RO         3927    .ARM.Collect$$libshutdown$$0000000F  c_p.l(libshutdown2.o)
    0x08000132   0x08000132   0x00000002   Code   RO         3928    .ARM.Collect$$libshutdown$$00000010  c_p.l(libshutdown2.o)
    0x08000134   0x08000134   0x00000000   Code   RO         3763    .ARM.Collect$$rtentry$$00000000  c_p.l(__rtentry.o)
    0x08000134   0x08000134   0x00000000   Code   RO         3770    .ARM.Collect$$rtentry$$00000002  c_p.l(__rtentry2.o)
    0x08000134   0x08000134   0x00000006   Code   RO         3782    .ARM.Collect$$rtentry$$00000004  c_p.l(__rtentry4.o)
    0x0800013a   0x0800013a   0x00000000   Code   RO         3772    .ARM.Collect$$rtentry$$00000009  c_p.l(__rtentry2.o)
    0x0800013a   0x0800013a   0x00000004   Code   RO         3773    .ARM.Collect$$rtentry$$0000000A  c_p.l(__rtentry2.o)
    0x0800013e   0x0800013e   0x00000000   Code   RO         3775    .ARM.Collect$$rtentry$$0000000C  c_p.l(__rtentry2.o)
    0x0800013e   0x0800013e   0x00000008   Code   RO         3776    .ARM.Collect$$rtentry$$0000000D  c_p.l(__rtentry2.o)
    0x08000146   0x08000146   0x00000002   Code   RO         3805    .ARM.Collect$$rtexit$$00000000  c_p.l(rtexit.o)
    0x08000148   0x08000148   0x00000000   Code   RO         3861    .ARM.Collect$$rtexit$$00000002  c_p.l(rtexit2.o)
    0x08000148   0x08000148   0x00000004   Code   RO         3862    .ARM.Collect$$rtexit$$00000003  c_p.l(rtexit2.o)
    0x0800014c   0x0800014c   0x00000006   Code   RO         3863    .ARM.Collect$$rtexit$$00000004  c_p.l(rtexit2.o)
    0x08000152   0x08000152   0x00000002   PAD
    0x08000154   0x08000154   0x00000038   Code   RO         3735    .text               startup_stm32f0xx_ld.o
    0x0800018c   0x0800018c   0x0000015a   Code   RO         3741    .text               c_p.l(aeabi_sdiv.o)
    0x080002e6   0x080002e6   0x00000006   Code   RO         3745    .text               c_p.l(heapauxi.o)
    0x080002ec   0x080002ec   0x0000004c   Code   RO         3755    .text               fz_ps.l(ffixi.o)
    0x08000338   0x08000338   0x00000030   Code   RO         3757    .text               fz_ps.l(ffixui.o)
    0x08000368   0x08000368   0x0000005e   Code   RO         3759    .text               fz_ps.l(fflti.o)
    0x080003c6   0x080003c6   0x0000003e   Code   RO         3786    .text               c_p.l(sys_stackheap_outer.o)
    0x08000404   0x08000404   0x00000010   Code   RO         3789    .text               c_p.l(exit.o)
    0x08000414   0x08000414   0x00000008   Code   RO         3801    .text               c_p.l(libspace.o)
    0x0800041c   0x0800041c   0x0000000c   Code   RO         3858    .text               c_p.l(sys_exit.o)
    0x08000428   0x08000428   0x00000002   Code   RO         3877    .text               c_p.l(use_no_semi.o)
    0x0800042a   0x0800042a   0x00000000   Code   RO         3879    .text               c_p.l(indicate_semi.o)
    0x0800042a   0x0800042a   0x00000002   PAD
    0x0800042c   0x0800042c   0x000000a8   Code   RO          378    i.ADC1_Init         adc.o
    0x080004d4   0x080004d4   0x0000000a   Code   RO          419    i.ADC_ChannelConfig  stm32f0xx_adc.o
    0x080004de   0x080004de   0x00000012   Code   RO          422    i.ADC_Cmd           stm32f0xx_adc.o
    0x080004f0   0x080004f0   0x00000014   Code   RO          424    i.ADC_DMACmd        stm32f0xx_adc.o
    0x08000504   0x08000504   0x00000020   Code   RO          426    i.ADC_DeInit        stm32f0xx_adc.o
    0x08000524   0x08000524   0x00000022   Code   RO          379    i.ADC_GPIO_Init     adc.o
    0x08000546   0x08000546   0x0000002e   Code   RO          428    i.ADC_GetCalibrationFactor  stm32f0xx_adc.o
    0x08000574   0x08000574   0x00000006   Code   RO          429    i.ADC_GetConversionValue  stm32f0xx_adc.o
    0x0800057a   0x0800057a   0x0000001c   Code   RO          430    i.ADC_GetFlagStatus  stm32f0xx_adc.o
    0x08000596   0x08000596   0x00000002   PAD
    0x08000598   0x08000598   0x0000002c   Code   RO          433    i.ADC_Init          stm32f0xx_adc.o
    0x080005c4   0x080005c4   0x0000000a   Code   RO          436    i.ADC_StartOfConversion  stm32f0xx_adc.o
    0x080005ce   0x080005ce   0x00000010   Code   RO          438    i.ADC_StructInit    stm32f0xx_adc.o
    0x080005de   0x080005de   0x00000002   PAD
    0x080005e0   0x080005e0   0x0000005c   Code   RO          121    i.Control_out       main.o
    0x0800063c   0x0800063c   0x00000070   Code   RO         1366    i.GPIO_Init         stm32f0xx_gpio.o
    0x080006ac   0x080006ac   0x0000000e   Code   RO         1370    i.GPIO_ReadInputDataBit  stm32f0xx_gpio.o
    0x080006ba   0x080006ba   0x00000004   Code   RO         1373    i.GPIO_ResetBits    stm32f0xx_gpio.o
    0x080006be   0x080006be   0x00000004   Code   RO         1374    i.GPIO_SetBits      stm32f0xx_gpio.o
    0x080006c2   0x080006c2   0x00000002   PAD
    0x080006c4   0x080006c4   0x00000028   Code   RO          262    i.HDReset           st7567.o
    0x080006ec   0x080006ec   0x00000002   Code   RO         1726    i.HardFault_Handler  stm32f0xx_it.o
    0x080006ee   0x080006ee   0x00000002   PAD
    0x080006f0   0x080006f0   0x00000010   Code   RO         1775    i.IWDG_ReloadCounter  stm32f0xx_iwdg.o
    0x08000700   0x08000700   0x0000002c   Code   RO          122    i.IWDG_init         main.o
    0x0800072c   0x0800072c   0x00000002   Code   RO         1727    i.NMI_Handler       stm32f0xx_it.o
    0x0800072e   0x0800072e   0x00000002   PAD
    0x08000730   0x08000730   0x00000050   Code   RO         1832    i.NVIC_Init         stm32f0xx_misc.o
    0x08000780   0x08000780   0x0000006c   Code   RO          263    i.OLED_DrawPointNum  st7567.o
    0x080007ec   0x080007ec   0x000000ac   Code   RO          123    i.PID               main.o
    0x08000898   0x08000898   0x00000002   Code   RO         1728    i.PendSV_Handler    stm32f0xx_it.o
    0x0800089a   0x0800089a   0x00000002   PAD
    0x0800089c   0x0800089c   0x0000002c   Code   RO         1941    i.RCC_ADCCLKConfig  stm32f0xx_rcc.o
    0x080008c8   0x080008c8   0x00000018   Code   RO         1942    i.RCC_AHBPeriphClockCmd  stm32f0xx_rcc.o
    0x080008e0   0x080008e0   0x00000018   Code   RO         1944    i.RCC_APB1PeriphClockCmd  stm32f0xx_rcc.o
    0x080008f8   0x080008f8   0x00000018   Code   RO         1946    i.RCC_APB2PeriphClockCmd  stm32f0xx_rcc.o
    0x08000910   0x08000910   0x00000018   Code   RO         1947    i.RCC_APB2PeriphResetCmd  stm32f0xx_rcc.o
    0x08000928   0x08000928   0x0000005c   Code   RO          264    i.ST7567_GPIO_Init  st7567.o
    0x08000984   0x08000984   0x00000078   Code   RO          265    i.ST7567_Init       st7567.o
    0x080009fc   0x080009fc   0x00000058   Code   RO          266    i.ST7567_WriteCommand  st7567.o
    0x08000a54   0x08000a54   0x00000058   Code   RO          267    i.ST7567_WriteData  st7567.o
    0x08000aac   0x08000aac   0x0000003c   Code   RO          268    i.ST7567_draw_point  st7567.o
    0x08000ae8   0x08000ae8   0x00000002   Code   RO         1729    i.SVC_Handler       stm32f0xx_it.o
    0x08000aea   0x08000aea   0x00000002   PAD
    0x08000aec   0x08000aec   0x0000009c   Code   RO         3697    i.SetSysClock       system_stm32f0xx.o
    0x08000b88   0x08000b88   0x00000018   Code   RO         1834    i.SysTick_CLKSourceConfig  stm32f0xx_misc.o
    0x08000ba0   0x08000ba0   0x00000002   Code   RO         1730    i.SysTick_Handler   stm32f0xx_it.o
    0x08000ba2   0x08000ba2   0x00000002   PAD
    0x08000ba4   0x08000ba4   0x00000060   Code   RO         3699    i.SystemInit        system_stm32f0xx.o
    0x08000c04   0x08000c04   0x00000024   Code   RO          124    i.T12_CRL_io_init   main.o
    0x08000c28   0x08000c28   0x00000014   Code   RO          125    i.TIM16_IRQHandler  main.o
    0x08000c3c   0x08000c3c   0x00000058   Code   RO          210    i.TIM16_Init        tim.o
    0x08000c94   0x08000c94   0x00000014   Code   RO          126    i.TIM3_IRQHandler   main.o
    0x08000ca8   0x08000ca8   0x00000050   Code   RO          211    i.TIM3_Int_Init     tim.o
    0x08000cf8   0x08000cf8   0x00000012   Code   RO         2770    i.TIM_ARRPreloadConfig  stm32f0xx_tim.o
    0x08000d0a   0x08000d0a   0x00000006   Code   RO         2777    i.TIM_ClearITPendingBit  stm32f0xx_tim.o
    0x08000d10   0x08000d10   0x00000014   Code   RO         2782    i.TIM_Cmd           stm32f0xx_tim.o
    0x08000d24   0x08000d24   0x00000010   Code   RO         2807    i.TIM_ITConfig      stm32f0xx_tim.o
    0x08000d34   0x08000d34   0x00000074   Code   RO         2855    i.TIM_TimeBaseInit  stm32f0xx_tim.o
    0x08000da8   0x08000da8   0x00000024   Code   RO          236    i.beep_io_init      beep.o
    0x08000dcc   0x08000dcc   0x00000038   Code   RO          237    i.beep_number       beep.o
    0x08000e04   0x08000e04   0x00000030   Code   RO            3    i.delay_init        delay.o
    0x08000e34   0x08000e34   0x00000038   Code   RO            4    i.delay_ms          delay.o
    0x08000e6c   0x08000e6c   0x00000038   Code   RO            5    i.delay_us          delay.o
    0x08000ea4   0x08000ea4   0x000000b8   Code   RO           77    i.encode            encode.o
    0x08000f5c   0x08000f5c   0x00000028   Code   RO           78    i.encode_io_init    encode.o
    0x08000f84   0x08000f84   0x00000030   Code   RO           79    i.encode_readio     encode.o
    0x08000fb4   0x08000fb4   0x00000030   Code   RO          380    i.get_adc           adc.o
    0x08000fe4   0x08000fe4   0x00000108   Code   RO          127    i.lcd_show          main.o
    0x080010ec   0x080010ec   0x00000060   Code   RO          128    i.main              main.o
    0x0800114c   0x0800114c   0x00000014   Code   RO          269    i.mypow             st7567.o
    0x08001160   0x08001160   0x00000034   Code   RO          270    i.st7567_ClearScreen  st7567.o
    0x08001194   0x08001194   0x00000040   Code   RO          273    i.st7567_Refresh_Gram  st7567.o
    0x080011d4   0x080011d4   0x000000ac   Code   RO          274    i.st7567_ShowChar   st7567.o
    0x08001280   0x08001280   0x000000a8   Code   RO          275    i.st7567_ShowChinese  st7567.o
    0x08001328   0x08001328   0x00000074   Code   RO          276    i.st7567_ShowNum    st7567.o
    0x0800139c   0x0800139c   0x0000005c   Code   RO          277    i.st7567_ShowString  st7567.o
    0x080013f8   0x080013f8   0x0000008c   Code   RO         3749    x$fpl$fadd          fz_ps.l(faddsub.o)
    0x08001484   0x08001484   0x000000b0   Code   RO         3761    x$fpl$fmul          fz_ps.l(fmul.o)
    0x08001534   0x08001534   0x000000d0   Code   RO         3751    x$fpl$fsub          fz_ps.l(faddsub.o)
    0x08001604   0x08001604   0x00000000   Code   RO         3768    x$fpl$usenofp       fz_ps.l(usenofp.o)
    0x08001604   0x08001604   0x000019f4   Data   RO          279    .constdata          st7567.o
    0x08002ff8   0x08002ff8   0x00000020   Data   RO         3929    Region$$Table       anon$$obj.o


    Execution Region RW_IRAM1 (Exec base: 0x20000000, Load base: 0x08003018, Size: 0x00000ec0, Max: 0x00001000, ABSOLUTE)

    Exec Addr    Load Addr    Size         Type   Attr      Idx    E Section Name        Object

    0x20000000   0x08003018   0x00000004   Data   RW            6    .data               delay.o
    0x20000004   0x0800301c   0x00000008   Data   RW           80    .data               encode.o
    0x2000000c   0x08003024   0x00000030   Data   RW          129    .data               main.o
    0x2000003c   0x08003054   0x00000004   Data   RW          382    .data               adc.o
    0x20000040   0x08003058   0x00000014   Data   RW         3700    .data               system_stm32f0xx.o
    0x20000054        -       0x00000800   Zero   RW          278    .bss                st7567.o
    0x20000854        -       0x0000000a   Zero   RW          381    .bss                adc.o
    0x2000085e   0x0800306c   0x00000002   PAD
    0x20000860        -       0x00000060   Zero   RW         3802    .bss                c_p.l(libspace.o)
    0x200008c0        -       0x00000200   Zero   RW         3733    HEAP                startup_stm32f0xx_ld.o
    0x20000ac0        -       0x00000400   Zero   RW         3732    STACK               startup_stm32f0xx_ld.o


==============================================================================

Image component sizes


      Code (inc. data)   RO Data    RW Data    ZI Data      Debug   Object Name

       250         24          0          4         10       2292   adc.o
        92          0          0          0          0       1377   beep.o
       160         32          0          4          0      95139   delay.o
       272         12          0          8          0       2223   encode.o
       744         66          0         48          0      33007   main.o
      1280         62       6644          0       2048      11113   st7567.o
        56         26        176          0       1536        612   startup_stm32f0xx_ld.o
       230         10          0          0          0     102484   stm32f0xx_adc.o
       134          0          0          0          0       2652   stm32f0xx_gpio.o
        10          0          0          0          0       1979   stm32f0xx_it.o
        16          8          0          0          0        417   stm32f0xx_iwdg.o
       104         14          0          0          0       1466   stm32f0xx_misc.o
       140         30          0          0          0       2578   stm32f0xx_rcc.o
       176         28          0          0          0      23970   stm32f0xx_tim.o
       252         22          0         20          0       1705   system_stm32f0xx.o
       168         12          0          0          0       1189   tim.o

    ----------------------------------------------------------------------
      4100        346       6852         84       3596     284203   Object Totals
         0          0         32          0          0          0   (incl. Generated)
        16          0          0          0          2          0   (incl. Padding)

    ----------------------------------------------------------------------

      Code (inc. data)   RO Data    RW Data    ZI Data      Debug   Library Member Name

         8          0          0          0          0         68   __main.o
         0          0          0          0          0          0   __rtentry.o
        12          0          0          0          0          0   __rtentry2.o
         6          0          0          0          0          0   __rtentry4.o
        60          8          0          0          0          0   __scatter.o
        26          0          0          0          0          0   __scatter_copy.o
        28          0          0          0          0          0   __scatter_zi.o
       346          0          0          0          0         92   aeabi_sdiv.o
        16          0          0          0          0         68   exit.o
         6          0          0          0          0        136   heapauxi.o
         0          0          0          0          0          0   indicate_semi.o
         2          0          0          0          0          0   libinit.o
         2          0          0          0          0          0   libinit2.o
         2          0          0          0          0          0   libshutdown.o
         2          0          0          0          0          0   libshutdown2.o
         8          4          0          0         96         68   libspace.o
         2          0          0          0          0          0   rtexit.o
        10          0          0          0          0          0   rtexit2.o
        12          4          0          0          0         60   sys_exit.o
        62          0          0          0          0         80   sys_stackheap_outer.o
         2          0          0          0          0         68   use_no_semi.o
       348          8          0          0          0        160   faddsub.o
        76          0          0          0          0         68   ffixi.o
        48          0          0          0          0         60   ffixui.o
        94          0          0          0          0         92   fflti.o
       176          4          0          0          0         80   fmul.o
         0          0          0          0          0          0   usenofp.o

    ----------------------------------------------------------------------
      1360         28          0          0         96       1100   Library Totals
         6          0          0          0          0          0   (incl. Padding)

    ----------------------------------------------------------------------

      Code (inc. data)   RO Data    RW Data    ZI Data      Debug   Library Name

       612         16          0          0         96        640   c_p.l
       742         12          0          0          0        460   fz_ps.l

    ----------------------------------------------------------------------
      1360         28          0          0         96       1100   Library Totals

    ----------------------------------------------------------------------

==============================================================================


      Code (inc. data)   RO Data    RW Data    ZI Data      Debug   

      5460        374       6852         84       3692     282011   Grand Totals
      5460        374       6852         84       3692     282011   ELF Image Totals
      5460        374       6852         84          0          0   ROM Totals

==============================================================================

    Total RO  Size (Code + RO Data)                12312 (  12.02kB)
    Total RW  Size (RW Data + ZI Data)              3776 (   3.69kB)
    Total ROM Size (Code + RO Data + RW Data)      12396 (  12.11kB)

==============================================================================

